rustc 1.97.1 (8bab26f4f 2026-07-14)
    Updating crates.io index
 Downloading crates ...
  Downloaded cfg-if v1.0.0
  Downloaded anstyle v1.0.7
  Downloaded autocfg v1.3.0
  Downloaded ciborium v0.2.2
  Downloaded anes v0.1.6
  Downloaded anyhow v1.0.86
  Downloaded ciborium-io v0.2.2
  Downloaded plotters-svg v0.3.7
  Downloaded clap_lex v0.7.1
  Downloaded radium v0.7.0
  Downloaded tap v1.0.1
  Downloaded crc-catalog v2.4.0
  Downloaded funty v2.0.0
  Downloaded bitvec_helpers v3.1.5
  Downloaded same-file v1.0.6
  Downloaded ciborium-ll v0.2.2
  Downloaded is-terminal v0.4.17
  Downloaded equivalent v1.0.1
  Downloaded plotters-backend v0.3.6
  Downloaded cast v0.3.0
  Downloaded itoa v1.0.11
  Downloaded crc v3.2.1
  Downloaded crossbeam-deque v0.8.5
  Downloaded oorandom v11.1.5
  Downloaded tinytemplate v1.2.1
  Downloaded wyz v0.5.1
  Downloaded criterion-plot v0.5.0
  Downloaded quote v1.0.36
  Downloaded either v1.12.0
  Downloaded crossbeam-utils v0.8.20
  Downloaded ryu v1.0.18
  Downloaded bitstream-io v2.4.1
  Downloaded half v2.7.1
  Downloaded once_cell v1.19.0
  Downloaded tinyvec v1.6.0
  Downloaded walkdir v2.5.0
  Downloaded proc-macro2 v1.0.85
  Downloaded serde_derive v1.0.203
  Downloaded unicode-ident v1.0.12
  Downloaded clap v4.5.7
  Downloaded crossbeam-epoch v0.9.18
  Downloaded rayon-core v1.13.0
  Downloaded memchr v2.7.4
  Downloaded num-traits v0.2.19
  Downloaded serde v1.0.203
  Downloaded indexmap v2.2.6
  Downloaded zerocopy-derive v0.8.27
  Downloaded itertools v0.10.5
  Downloaded criterion v0.5.1
  Downloaded aho-corasick v1.1.3
  Downloaded hashbrown v0.14.5
  Downloaded plotters v0.3.6
  Downloaded serde_json v1.0.117
  Downloaded clap_builder v4.5.7
  Downloaded rayon v1.12.0
  Downloaded bitvec v1.0.1
  Downloaded zerocopy v0.8.27
  Downloaded regex v1.10.5
  Downloaded syn v2.0.66
  Downloaded regex-syntax v0.8.4
  Downloaded regex-automata v0.4.7
  Downloaded libc v0.2.155
   Compiling dolby_vision v3.3.1 (/work/libdovi-source/dolby_vision)
    Finished `release` profile [optimized] target(s) in 2.06s
     Running `libdovi-source/target/release/examples/m0_p7_tags /tags`
