{
  "scope": "analytic-control",
  "kind": "independent-arithmetic",
  "method": "Closed-form declared identity polynomial + S=1/1024,T=S/2 residual rr/1024, followed by supplied standard P81 fixed coefficients. Independent Python integer evaluation; no independent Dolby decoding/reference fidelity approval.",
  "width": 16,
  "height": 16,
  "frames": 1,
  "output_format": "rgb48le",
  "color_domain": "BT2020 PQ full-range under standard-P7-matrix assumption",
  "bl_y_code": "400+2*x+y",
  "bl_uv_codes": [
    512,
    512
  ],
  "el_code": "512 + (16 if (x+y+c)%2 else -16)",
  "coefficient_log2_denom": 23,
  "nlq_slope": 8192,
  "nlq_threshold": 4096,
  "unbounded_vdr_in_max": 1,
  "bounded_vdr_in_max": "2/1024",
  "expected_hashes": {
    "nonzero": "9a396cea95201037cc78089f928d11c71f53c919d7d2f9c3e5d60d16b8227f5d",
    "zero": "25d58035aafb4a21f81561a42c4122f73c71d92909c411da56b2415c73cb7d23",
    "disabled": "25d58035aafb4a21f81561a42c4122f73c71d92909c411da56b2415c73cb7d23",
    "bounded": "0c032192c773ae2c945029edf4e1d44c82445e75641b0df4e086c2181b813891"
  },
  "independent_dv_reference": null
}
{
  "scope": "analytic-control; standard matrix, no trims",
  "declared_max_compression_yuv_code_error": 2,
  "chroma_sample_location": "center; explicit point sampling",
  "profile": "Main 10",
  "source_to_yuv_max_code_error_vs_bt2020_ncl": 0,
  "compression_yuv_max_code_error": 2,
  "hdr10_decode_vs_analytic_inverse_ncl_max_rgb_code_error": 0,
  "hdr10_decode_vs_reconstructed_max_rgb_code_error": 219,
  "diagnostic_rgb_bound_codes": 640,
  "bound_selection_timing": "After observed compression delta2/RGB delta218; not preregistered quality qualification",
  "bound_derivation": "ceil(65535*3*(1/876+1.8814/896))+2; conversion/model allowance1 + observed compression2; worst blue NCL inverse",
  "hdr10_decode_unchanged_after_rpu_insertion": true,
  "p81_conformance": null,
  "independent_dv_picture_reference": null,
  "dv_enabled_render": null,
  "result": "pass"
}
......
----------------------------------------------------------------------
Ran 6 tests in 0.008s

OK
....
----------------------------------------------------------------------
Ran 4 tests in 0.098s

OK
{
  "result": "pass",
  "scope": "synthetic no-reorder elementary control",
  "parsed_l1_tags": [
    {
      "min_pq": 0,
      "max_pq": 4095,
      "avg_pq": 2048
    },
    {
      "min_pq": 0,
      "max_pq": 4094,
      "avg_pq": 2047
    },
    {
      "min_pq": 0,
      "max_pq": 4093,
      "avg_pq": 2046
    },
    {
      "min_pq": 0,
      "max_pq": 4092,
      "avg_pq": 2045
    }
  ],
  "frame_count": 4,
  "distinct_source_hashes": 4,
  "distinct_rpu_hashes": 4,
  "coded_duration": "1/24",
  "manifest_time_base": "1/24",
  "actual_container_pts": null,
  "p81_conformance": null
}
{
  "scope": "analytic controls; separate implementations, no independent DV picture reference",
  "same_renderer": "Both DV-on/off outputs use same pinned libplacebo backend",
  "threshold_selection": "25 RGBcode DV diagnostic replay cap selected after observing24; not qualification threshold",
  "scalar_reference_scope": "Independent analytic BT2020 inverseNCL arithmetic only",
  "double_mapping_limit": "Original P7 reshape is identity; cannot detect double application of arbitrary nonidentity reshaping",
  "unmet_next_operation": "Nonidentity-reshape P7 reconstructed-base authoring control",
  "creative_trims_applied": false,
  "results": [
    {
      "frame_index": 0,
      "decoded_input_file_sha256": "d459a2f163d531d425e9d50af16b3b1426baeb7715ee1124d93c1f2a66168865",
      "selected_decoded_frame_sha256": "182bfbe370fc06cbb2c4e516eca48c91b9f563b853c737f560f158876332277f",
      "actual_rpu_sha256": "9c85e5aacbb9f67d5ec89334dec13453fcbe4c80f7aefd76fe5962be5d499b64",
      "actual_parsed_l1": {
        "min_pq": 0,
        "max_pq": 4095,
        "avg_pq": 2048
      },
      "frame_selection_method": "GPU helper fseek(frame_index*64*64*3), explicit index",
      "bound_output_hashes_by_stage": {
        "reconstruction": {
          "candidate_sha256": "d6891d06dc73f53b81f99543ecf368b971f594c33d0d5211e808ade760cc29ee",
          "baseline_sha256": "e080d20649de8f34caa03d8e8be3b8723f11ab1d5d20b820a415971d90912861"
        },
        "rendered": {
          "candidate_sha256": "d6891d06dc73f53b81f99543ecf368b971f594c33d0d5211e808ade760cc29ee",
          "baseline_sha256": "e080d20649de8f34caa03d8e8be3b8723f11ab1d5d20b820a415971d90912861"
        }
      },
      "same_renderer_dv_on_vs_hdr10_max_code_delta": 24,
      "gpu_hdr10_vs_independent_inverse_ncl_max_code_delta": 1,
      "gpu_dv_on_vs_independent_inverse_ncl_max_code_delta": 24,
      "dv_on_sha256": "d6891d06dc73f53b81f99543ecf368b971f594c33d0d5211e808ade760cc29ee",
      "hdr10_sha256": "e080d20649de8f34caa03d8e8be3b8723f11ab1d5d20b820a415971d90912861"
    },
    {
      "frame_index": 1,
      "decoded_input_file_sha256": "d459a2f163d531d425e9d50af16b3b1426baeb7715ee1124d93c1f2a66168865",
      "selected_decoded_frame_sha256": "7c0014d8d8cf5bc5344922fc9ca5f7c6ab84146ae2f9d6c1931f4681e48a877b",
      "actual_rpu_sha256": "1186fa17f90d6c64104aefca3f2a9b0c636472a549565d8a1c70a8857852dad4",
      "actual_parsed_l1": {
        "min_pq": 0,
        "max_pq": 4094,
        "avg_pq": 2047
      },
      "frame_selection_method": "GPU helper fseek(frame_index*64*64*3), explicit index",
      "bound_output_hashes_by_stage": {
        "reconstruction": {
          "candidate_sha256": "5d89f7273ee3bc026f55677fe827a089cd668d2ce1e6f513c21281b78959746a",
          "baseline_sha256": "e7f64e0b9e83425bd31e8f91291e34b615b85b7e48e8a4b89e046fc208f5bc52"
        },
        "rendered": {
          "candidate_sha256": "5d89f7273ee3bc026f55677fe827a089cd668d2ce1e6f513c21281b78959746a",
          "baseline_sha256": "e7f64e0b9e83425bd31e8f91291e34b615b85b7e48e8a4b89e046fc208f5bc52"
        }
      },
      "same_renderer_dv_on_vs_hdr10_max_code_delta": 24,
      "gpu_hdr10_vs_independent_inverse_ncl_max_code_delta": 1,
      "gpu_dv_on_vs_independent_inverse_ncl_max_code_delta": 24,
      "dv_on_sha256": "5d89f7273ee3bc026f55677fe827a089cd668d2ce1e6f513c21281b78959746a",
      "hdr10_sha256": "e7f64e0b9e83425bd31e8f91291e34b615b85b7e48e8a4b89e046fc208f5bc52"
    },
    {
      "frame_index": 2,
      "decoded_input_file_sha256": "d459a2f163d531d425e9d50af16b3b1426baeb7715ee1124d93c1f2a66168865",
      "selected_decoded_frame_sha256": "47008909ad1897c4be3e66d6f854912bfa3adbc087d873defed254a29c08bd08",
      "actual_rpu_sha256": "f1d04d4310e93849fd8f48f43f2fa97e66fd44cc3815be6c70ab815bfc078a2f",
      "actual_parsed_l1": {
        "min_pq": 0,
        "max_pq": 4093,
        "avg_pq": 2046
      },
      "frame_selection_method": "GPU helper fseek(frame_index*64*64*3), explicit index",
      "bound_output_hashes_by_stage": {
        "reconstruction": {
          "candidate_sha256": "a1117356a6410d9cb6142d66979ab7837609fe7309b885a99864677d3fb28e64",
          "baseline_sha256": "76be5dab6cbb8c90263f8b897dc8e7289b4ee30874f698aebccf0d242b7442fe"
        },
        "rendered": {
          "candidate_sha256": "a1117356a6410d9cb6142d66979ab7837609fe7309b885a99864677d3fb28e64",
          "baseline_sha256": "76be5dab6cbb8c90263f8b897dc8e7289b4ee30874f698aebccf0d242b7442fe"
        }
      },
      "same_renderer_dv_on_vs_hdr10_max_code_delta": 24,
      "gpu_hdr10_vs_independent_inverse_ncl_max_code_delta": 1,
      "gpu_dv_on_vs_independent_inverse_ncl_max_code_delta": 24,
      "dv_on_sha256": "a1117356a6410d9cb6142d66979ab7837609fe7309b885a99864677d3fb28e64",
      "hdr10_sha256": "76be5dab6cbb8c90263f8b897dc8e7289b4ee30874f698aebccf0d242b7442fe"
    },
    {
      "frame_index": 3,
      "decoded_input_file_sha256": "d459a2f163d531d425e9d50af16b3b1426baeb7715ee1124d93c1f2a66168865",
      "selected_decoded_frame_sha256": "935c1a9f42a657868e3e9abadcbe3025fc0d1a85c2e3f13941341c8eaad20f66",
      "actual_rpu_sha256": "97da6cab9092d87d282c65b680bb1a918a7f4f53cc13e57bd829d18f3bc6761c",
      "actual_parsed_l1": {
        "min_pq": 0,
        "max_pq": 4092,
        "avg_pq": 2045
      },
      "frame_selection_method": "GPU helper fseek(frame_index*64*64*3), explicit index",
      "bound_output_hashes_by_stage": {
        "reconstruction": {
          "candidate_sha256": "223fdba4e718c25cc44fe6c49ecd13ecc980f6821f210f918e80c9f17f5a39ee",
          "baseline_sha256": "c86f919a5daa0662448612da7ddba35c9bed9f3431078c09174e8b9c7865af7d"
        },
        "rendered": {
          "candidate_sha256": "223fdba4e718c25cc44fe6c49ecd13ecc980f6821f210f918e80c9f17f5a39ee",
          "baseline_sha256": "c86f919a5daa0662448612da7ddba35c9bed9f3431078c09174e8b9c7865af7d"
        }
      },
      "same_renderer_dv_on_vs_hdr10_max_code_delta": 24,
      "gpu_hdr10_vs_independent_inverse_ncl_max_code_delta": 1,
      "gpu_dv_on_vs_independent_inverse_ncl_max_code_delta": 24,
      "dv_on_sha256": "223fdba4e718c25cc44fe6c49ecd13ecc980f6821f210f918e80c9f17f5a39ee",
      "hdr10_sha256": "c86f919a5daa0662448612da7ddba35c9bed9f3431078c09174e8b9c7865af7d"
    }
  ],
  "p81_conformance": null,
  "independent_dv_picture_reference": null,
  "reference_fidelity_improvement": null,
  "result": "diagnostic-control-pass"
}
.........
----------------------------------------------------------------------
Ran 9 tests in 0.101s

OK
