rustc 1.97.1 (8bab26f4f 2026-07-14)
    Updating crates.io index
 Downloading crates ...
  Downloaded ciborium-ll v0.2.2
  Downloaded plotters-svg v0.3.7
  Downloaded anstyle v1.0.7
  Downloaded cfg-if v1.0.0
  Downloaded bitvec_helpers v3.1.5
  Downloaded ciborium-io v0.2.2
  Downloaded cast v0.3.0
  Downloaded funty v2.0.0
  Downloaded tap v1.0.1
  Downloaded anes v0.1.6
  Downloaded autocfg v1.3.0
  Downloaded bitstream-io v2.4.1
  Downloaded crc v3.2.1
  Downloaded itoa v1.0.11
  Downloaded clap_lex v0.7.1
  Downloaded radium v0.7.0
  Downloaded same-file v1.0.6
  Downloaded crc-catalog v2.4.0
  Downloaded is-terminal v0.4.17
  Downloaded anyhow v1.0.86
  Downloaded ciborium v0.2.2
  Downloaded wyz v0.5.1
  Downloaded equivalent v1.0.1
  Downloaded plotters-backend v0.3.6
  Downloaded either v1.12.0
  Downloaded criterion-plot v0.5.0
  Downloaded crossbeam-deque v0.8.5
  Downloaded quote v1.0.36
  Downloaded ryu v1.0.18
  Downloaded tinyvec v1.6.0
  Downloaded oorandom v11.1.5
  Downloaded tinytemplate v1.2.1
  Downloaded walkdir v2.5.0
  Downloaded once_cell v1.19.0
  Downloaded serde v1.0.203
  Downloaded unicode-ident v1.0.12
  Downloaded crossbeam-epoch v0.9.18
  Downloaded proc-macro2 v1.0.85
  Downloaded half v2.7.1
  Downloaded num-traits v0.2.19
  Downloaded clap v4.5.7
  Downloaded rayon-core v1.13.0
  Downloaded serde_derive v1.0.203
  Downloaded crossbeam-utils v0.8.20
  Downloaded zerocopy-derive v0.8.27
  Downloaded memchr v2.7.4
  Downloaded indexmap v2.2.6
  Downloaded criterion v0.5.1
  Downloaded itertools v0.10.5
  Downloaded hashbrown v0.14.5
  Downloaded serde_json v1.0.117
  Downloaded aho-corasick v1.1.3
  Downloaded plotters v0.3.6
  Downloaded clap_builder v4.5.7
  Downloaded rayon v1.12.0
  Downloaded bitvec v1.0.1
  Downloaded regex v1.10.5
  Downloaded zerocopy v0.8.27
  Downloaded syn v2.0.66
  Downloaded regex-syntax v0.8.4
  Downloaded regex-automata v0.4.7
  Downloaded libc v0.2.155
   Compiling proc-macro2 v1.0.85
   Compiling unicode-ident v1.0.12
   Compiling serde v1.0.203
   Compiling crossbeam-utils v0.8.20
   Compiling quote v1.0.36
   Compiling syn v2.0.66
   Compiling zerocopy v0.8.27
   Compiling autocfg v1.3.0
   Compiling hashbrown v0.14.5
   Compiling equivalent v1.0.1
   Compiling serde_json v1.0.117
   Compiling indexmap v2.2.6
   Compiling num-traits v0.2.19
   Compiling serde_derive v1.0.203
   Compiling zerocopy-derive v0.8.27
   Compiling crossbeam-epoch v0.9.18
   Compiling ryu v1.0.18
   Compiling rayon-core v1.13.0
   Compiling radium v0.7.0
   Compiling itoa v1.0.11
   Compiling either v1.12.0
   Compiling cfg-if v1.0.0
   Compiling libc v0.2.155
   Compiling half v2.7.1
   Compiling crossbeam-deque v0.8.5
   Compiling anyhow v1.0.86
   Compiling anstyle v1.0.7
   Compiling plotters-backend v0.3.6
   Compiling clap_lex v0.7.1
   Compiling tap v1.0.1
   Compiling ciborium-io v0.2.2
   Compiling regex-syntax v0.8.4
   Compiling ciborium-ll v0.2.2
   Compiling wyz v0.5.1
   Compiling clap_builder v4.5.7
   Compiling regex-automata v0.4.7
   Compiling plotters-svg v0.3.7
   Compiling itertools v0.10.5
   Compiling bitstream-io v2.4.1
   Compiling crc-catalog v2.4.0
   Compiling same-file v1.0.6
   Compiling cast v0.3.0
   Compiling funty v2.0.0
   Compiling criterion-plot v0.5.0
   Compiling bitvec v1.0.1
   Compiling walkdir v2.5.0
   Compiling crc v3.2.1
   Compiling bitvec_helpers v3.1.5
   Compiling is-terminal v0.4.17
   Compiling rayon v1.12.0
   Compiling plotters v0.3.6
   Compiling regex v1.10.5
   Compiling clap v4.5.7
   Compiling ciborium v0.2.2
   Compiling tinytemplate v1.2.1
   Compiling tinyvec v1.6.0
   Compiling oorandom v11.1.5
   Compiling once_cell v1.19.0
   Compiling anes v0.1.6
   Compiling criterion v0.5.1
   Compiling dolby_vision v3.3.1 (/work/libdovi-source/dolby_vision)
    Finished `release` profile [optimized] target(s) in 25.09s
     Running `libdovi-source/target/release/examples/m0_authoring /work`
