rustc 1.97.1 (8bab26f4f 2026-07-14)
    Updating crates.io index
 Downloading crates ...
  Downloaded ciborium-ll v0.2.2
  Downloaded plotters-svg v0.3.7
  Downloaded anstyle v1.0.7
  Downloaded cfg-if v1.0.0
  Downloaded bitvec_helpers v3.1.5
  Downloaded ciborium-io v0.2.2
  Downloaded cast v0.3.0
  Downloaded funty v2.0.0
  Downloaded tap v1.0.1
  Downloaded anes v0.1.6
  Downloaded autocfg v1.3.0
  Downloaded bitstream-io v2.4.1
  Downloaded crc v3.2.1
  Downloaded itoa v1.0.11
  Downloaded clap_lex v0.7.1
  Downloaded radium v0.7.0
  Downloaded same-file v1.0.6
  Downloaded crc-catalog v2.4.0
  Downloaded is-terminal v0.4.17
  Downloaded anyhow v1.0.86
  Downloaded ciborium v0.2.2
  Downloaded wyz v0.5.1
  Downloaded equivalent v1.0.1
  Downloaded plotters-backend v0.3.6
  Downloaded either v1.12.0
  Downloaded criterion-plot v0.5.0
  Downloaded crossbeam-deque v0.8.5
  Downloaded quote v1.0.36
  Downloaded ryu v1.0.18
  Downloaded tinyvec v1.6.0
  Downloaded oorandom v11.1.5
  Downloaded tinytemplate v1.2.1
  Downloaded walkdir v2.5.0
  Downloaded once_cell v1.19.0
  Downloaded serde v1.0.203
  Downloaded unicode-ident v1.0.12
  Downloaded crossbeam-epoch v0.9.18
  Downloaded proc-macro2 v1.0.85
  Downloaded half v2.7.1
  Downloaded num-traits v0.2.19
  Downloaded clap v4.5.7
  Downloaded rayon-core v1.13.0
  Downloaded serde_derive v1.0.203
  Downloaded crossbeam-utils v0.8.20
  Downloaded zerocopy-derive v0.8.27
  Downloaded memchr v2.7.4
  Downloaded indexmap v2.2.6
  Downloaded criterion v0.5.1
  Downloaded itertools v0.10.5
  Downloaded hashbrown v0.14.5
  Downloaded serde_json v1.0.117
  Downloaded aho-corasick v1.1.3
  Downloaded plotters v0.3.6
  Downloaded clap_builder v4.5.7
  Downloaded rayon v1.12.0
  Downloaded bitvec v1.0.1
  Downloaded regex v1.10.5
  Downloaded zerocopy v0.8.27
  Downloaded syn v2.0.66
  Downloaded regex-syntax v0.8.4
  Downloaded regex-automata v0.4.7
  Downloaded libc v0.2.155
   Compiling proc-macro2 v1.0.85
   Compiling unicode-ident v1.0.12
   Compiling serde v1.0.203
   Compiling crossbeam-utils v0.8.20
   Compiling quote v1.0.36
   Compiling syn v2.0.66
   Compiling zerocopy v0.8.27
   Compiling autocfg v1.3.0
   Compiling hashbrown v0.14.5
   Compiling equivalent v1.0.1
   Compiling serde_json v1.0.117
   Compiling indexmap v2.2.6
   Compiling num-traits v0.2.19
   Compiling serde_derive v1.0.203
   Compiling zerocopy-derive v0.8.27
   Compiling crossbeam-epoch v0.9.18
   Compiling ryu v1.0.18
   Compiling rayon-core v1.13.0
   Compiling radium v0.7.0
   Compiling itoa v1.0.11
   Compiling either v1.12.0
   Compiling cfg-if v1.0.0
   Compiling libc v0.2.155
   Compiling half v2.7.1
   Compiling crossbeam-deque v0.8.5
   Compiling anyhow v1.0.86
   Compiling anstyle v1.0.7
   Compiling plotters-backend v0.3.6
   Compiling clap_lex v0.7.1
   Compiling tap v1.0.1
   Compiling ciborium-io v0.2.2
   Compiling regex-syntax v0.8.4
   Compiling ciborium-ll v0.2.2
   Compiling wyz v0.5.1
   Compiling clap_builder v4.5.7
   Compiling regex-automata v0.4.7
   Compiling plotters-svg v0.3.7
   Compiling itertools v0.10.5
   Compiling bitstream-io v2.4.1
   Compiling crc-catalog v2.4.0
   Compiling same-file v1.0.6
   Compiling cast v0.3.0
   Compiling funty v2.0.0
   Compiling criterion-plot v0.5.0
   Compiling bitvec v1.0.1
   Compiling walkdir v2.5.0
   Compiling crc v3.2.1
   Compiling bitvec_helpers v3.1.5
   Compiling is-terminal v0.4.17
   Compiling rayon v1.12.0
   Compiling plotters v0.3.6
   Compiling regex v1.10.5
   Compiling clap v4.5.7
   Compiling ciborium v0.2.2
   Compiling tinytemplate v1.2.1
   Compiling tinyvec v1.6.0
   Compiling oorandom v11.1.5
   Compiling once_cell v1.19.0
   Compiling anes v0.1.6
   Compiling criterion v0.5.1
   Compiling dolby_vision v3.3.1 (/work/libdovi-source/dolby_vision)
    Finished `release` profile [optimized] target(s) in 25.09s
     Running `libdovi-source/target/release/examples/m0_authoring /work`
Linux e5ebea81c3d3 7.0.12-linuxkit #1 SMP PREEMPT Fri Aug 14 16:27:59 UTC 2026 aarch64 GNU/Linux
ffmpeg version 5.1.9-0+deb12u1 Copyright (c) 2000-2026 the FFmpeg developers
built with gcc 12 (Debian 12.2.0-14+deb12u1)
configuration: --prefix=/usr --extra-version=0+deb12u1 --toolchain=hardened --libdir=/usr/lib/aarch64-linux-gnu --incdir=/usr/include/aarch64-linux-gnu --arch=arm64 --enable-gpl --disable-stripping --enable-gnutls --enable-ladspa --enable-libaom --enable-libass --enable-libbluray --enable-libbs2b --enable-libcaca --enable-libcdio --enable-libcodec2 --enable-libdav1d --enable-libflite --enable-libfontconfig --enable-libfreetype --enable-libfribidi --enable-libglslang --enable-libgme --enable-libgsm --enable-libjack --enable-libmp3lame --enable-libmysofa --enable-libopenjpeg --enable-libopenmpt --enable-libopus --enable-libpulse --enable-librabbitmq --enable-librist --enable-librubberband --enable-libshine --enable-libsnappy --enable-libsoxr --enable-libspeex --enable-libsrt --enable-libssh --enable-libsvtav1 --enable-libtheora --enable-libtwolame --enable-libvidstab --enable-libvorbis --enable-libvpx --enable-libwebp --enable-libx265 --enable-libxml2 --enable-libxvid --enable-libzimg --enable-libzmq --enable-libzvbi --enable-lv2 --enable-omx --enable-openal --enable-opencl --enable-opengl --enable-sdl2 --disable-sndio --enable-libjxl --enable-pocketsphinx --enable-librsvg --enable-libdc1394 --enable-libdrm --enable-libiec61883 --enable-chromaprint --enable-frei0r --enable-libx264 --enable-libplacebo --enable-librav1e --enable-shared
libavutil      57. 28.100 / 57. 28.100
libavcodec     59. 37.100 / 59. 37.100
libavformat    59. 27.100 / 59. 27.100
libavdevice    59.  7.100 / 59.  7.100
libavfilter     8. 44.100 /  8. 44.100
libswscale      6.  7.100 /  6.  7.100
libswresample   4.  7.100 /  4.  7.100
libpostproc    56.  6.100 / 56.  6.100
ffmpeg version 5.1.9-0+deb12u1 Copyright (c) 2000-2026 the FFmpeg developers
  built with gcc 12 (Debian 12.2.0-14+deb12u1)
  configuration: --prefix=/usr --extra-version=0+deb12u1 --toolchain=hardened --libdir=/usr/lib/aarch64-linux-gnu --incdir=/usr/include/aarch64-linux-gnu --arch=arm64 --enable-gpl --disable-stripping --enable-gnutls --enable-ladspa --enable-libaom --enable-libass --enable-libbluray --enable-libbs2b --enable-libcaca --enable-libcdio --enable-libcodec2 --enable-libdav1d --enable-libflite --enable-libfontconfig --enable-libfreetype --enable-libfribidi --enable-libglslang --enable-libgme --enable-libgsm --enable-libjack --enable-libmp3lame --enable-libmysofa --enable-libopenjpeg --enable-libopenmpt --enable-libopus --enable-libpulse --enable-librabbitmq --enable-librist --enable-librubberband --enable-libshine --enable-libsnappy --enable-libsoxr --enable-libspeex --enable-libsrt --enable-libssh --enable-libsvtav1 --enable-libtheora --enable-libtwolame --enable-libvidstab --enable-libvorbis --enable-libvpx --enable-libwebp --enable-libx265 --enable-libxml2 --enable-libxvid --enable-libzimg --enable-libzmq --enable-libzvbi --enable-lv2 --enable-omx --enable-openal --enable-opencl --enable-opengl --enable-sdl2 --disable-sndio --enable-libjxl --enable-pocketsphinx --enable-librsvg --enable-libdc1394 --enable-libdrm --enable-libiec61883 --enable-chromaprint --enable-frei0r --enable-libx264 --enable-libplacebo --enable-librav1e --enable-shared
  libavutil      57. 28.100 / 57. 28.100
  libavcodec     59. 37.100 / 59. 37.100
  libavformat    59. 27.100 / 59. 27.100
  libavdevice    59.  7.100 / 59.  7.100
  libavfilter     8. 44.100 /  8. 44.100
  libswscale      6.  7.100 /  6.  7.100
  libswresample   4.  7.100 /  4.  7.100
  libpostproc    56.  6.100 / 56.  6.100
[rawvideo @ 0xaaaafb535440] Estimating duration from bitrate, this may be inaccurate
Input #0, rawvideo, from '/work/reconstructed64.rgb48le':
  Duration: 00:00:00.17, start: 0.000000, bitrate: 4718 kb/s
  Stream #0:0: Video: rawvideo (RGB0 / 0x30424752), rgb48le(pc, gbr/bt2020/smpte2084), 64x64, 4718 kb/s, 24 tbr, 24 tbn
Stream mapping:
  Stream #0:0 -> #0:0 (rawvideo (native) -> rawvideo (native))
Press [q] to stop, [?] for help
Output #0, rawvideo, to '/work/reconstructed64.yuv420p10le':
  Metadata:
    encoder         : Lavf59.27.100
  Stream #0:0: Video: rawvideo (Y3[11][10] / 0xA0B3359), yuv420p10le(tv, bt2020nc/bt2020/smpte2084, progressive), 64x64, q=2-31, 1474 kb/s, 24 fps, 24 tbn
    Metadata:
      encoder         : Lavc59.37.100 rawvideo
frame=    1 fps=0.0 q=0.0 size=       0kB time=00:00:00.00 bitrate=N/A speed=N/A    frame=    4 fps=0.0 q=-0.0 Lsize=      48kB time=00:00:00.16 bitrate=2359.3kbits/s speed=  11x    
video:48kB audio:0kB subtitle:0kB other streams:0kB global headers:0kB muxing overhead: 0.000000%
ffmpeg version 5.1.9-0+deb12u1 Copyright (c) 2000-2026 the FFmpeg developers
  built with gcc 12 (Debian 12.2.0-14+deb12u1)
  configuration: --prefix=/usr --extra-version=0+deb12u1 --toolchain=hardened --libdir=/usr/lib/aarch64-linux-gnu --incdir=/usr/include/aarch64-linux-gnu --arch=arm64 --enable-gpl --disable-stripping --enable-gnutls --enable-ladspa --enable-libaom --enable-libass --enable-libbluray --enable-libbs2b --enable-libcaca --enable-libcdio --enable-libcodec2 --enable-libdav1d --enable-libflite --enable-libfontconfig --enable-libfreetype --enable-libfribidi --enable-libglslang --enable-libgme --enable-libgsm --enable-libjack --enable-libmp3lame --enable-libmysofa --enable-libopenjpeg --enable-libopenmpt --enable-libopus --enable-libpulse --enable-librabbitmq --enable-librist --enable-librubberband --enable-libshine --enable-libsnappy --enable-libsoxr --enable-libspeex --enable-libsrt --enable-libssh --enable-libsvtav1 --enable-libtheora --enable-libtwolame --enable-libvidstab --enable-libvorbis --enable-libvpx --enable-libwebp --enable-libx265 --enable-libxml2 --enable-libxvid --enable-libzimg --enable-libzmq --enable-libzvbi --enable-lv2 --enable-omx --enable-openal --enable-opencl --enable-opengl --enable-sdl2 --disable-sndio --enable-libjxl --enable-pocketsphinx --enable-librsvg --enable-libdc1394 --enable-libdrm --enable-libiec61883 --enable-chromaprint --enable-frei0r --enable-libx264 --enable-libplacebo --enable-librav1e --enable-shared
  libavutil      57. 28.100 / 57. 28.100
  libavcodec     59. 37.100 / 59. 37.100
  libavformat    59. 27.100 / 59. 27.100
  libavdevice    59.  7.100 / 59.  7.100
  libavfilter     8. 44.100 /  8. 44.100
  libswscale      6.  7.100 /  6.  7.100
  libswresample   4.  7.100 /  4.  7.100
  libpostproc    56.  6.100 / 56.  6.100
[rawvideo @ 0xaaaac885a4c0] Estimating duration from bitrate, this may be inaccurate
Input #0, rawvideo, from '/work/reconstructed64.yuv420p10le':
  Duration: 00:00:00.17, start: 0.000000, bitrate: 2359 kb/s
  Stream #0:0: Video: rawvideo (Y3[11][10] / 0xA0B3359), yuv420p10le(tv, bt2020nc/bt2020/smpte2084), 64x64, 2359 kb/s, 24 tbr, 24 tbn
Stream mapping:
  Stream #0:0 -> #0:0 (rawvideo (native) -> hevc (libx265))
Press [q] to stop, [?] for help
x265 [info]: HEVC encoder version 3.5+1-f0c1022b6
x265 [info]: build info [Linux][GCC 12.2.0][32 bit][noasm] 10bit
x265 [info]: using cpu capabilities: NEON
x265 [info]: Main 10 profile, Level-1 (Main tier)
x265 [warning]: Too few rows/columns, --wpp disabled
x265 [error]: Failed to genrate CPU mask
x265 [info]: Thread pool created using 1 threads
x265 [info]: Slices                              : 1
x265 [info]: frame threads / pool features       : 1 / none
libnuma: Warning: Cannot read node cpumask from sysfs
numa_sched_setaffinity_v2_int() failed: Invalid argument
set_mempolicy: Operation not permitted
set_mempolicy: Operation not permitted
x265 [warning]: Source height < 720p; disabling lookahead-slices
numa_sched_setaffinity_v2_int() failed: Invalid argument
set_mempolicy: Operation not permitted
set_mempolicy: Operation not permitted
x265 [info]: Coding QT: max CU size, min CU size : 64 / 8
x265 [info]: Residual QT: max TU size, max depth : 32 / 1 inter / 1 intra
x265 [info]: ME / range / subpel / merge         : star / 57 / 3 / 3
x265 [info]: Lookahead / bframes / badapt        : 25 / 0 / 2
x265 [info]: b-pyramid / weightp / weightb       : 0 / 1 / 0
x265 [info]: References / ref-limit  cu / depth  : 4 / on / on
x265 [info]: Rate Control                        : CQP-0
x265 [info]: tools: rect limit-modes rd=4 psy-rd=2.00 rdoq=2 psy-rdoq=1.00
x265 [info]: tools: rskip mode=1 signhide tmvp strong-intra-smoothing deblock
x265 [info]: tools: sao
Output #0, hevc, to '/work/hdr10-base.hevc':
  Metadata:
    encoder         : Lavf59.27.100
  Stream #0:0: Video: hevc, yuv420p10le(tv, bt2020nc/bt2020/smpte2084, progressive), 64x64, q=2-31, 24 fps, 24 tbn
    Metadata:
      encoder         : Lavc59.37.100 libx265
    Side data:
      cpb: bitrate max/min/avg: 0/0/0 buffer size: 0 vbv_delay: N/A
frame=    1 fps=0.0 q=0.0 size=       0kB time=00:00:00.00 bitrate=N/A speed=N/A    frame=    4 fps=0.0 q=0.0 Lsize=       4kB time=00:00:00.16 bitrate= 204.9kbits/s speed=7.88x    
video:4kB audio:0kB subtitle:0kB other streams:0kB global headers:0kB muxing overhead: 0.000000%
x265 [info]: frame I:      1, Avg QP:0.00  kb/s: 281.09  
x265 [info]: frame P:      3, Avg QP:0.00  kb/s: 24.00   
x265 [info]: Weighted P-Frames: Y:0.0% UV:0.0%
x265 [info]: consecutive B-frames: 100.0% 

encoded 4 frames in 0.02s (224.04 fps), 88.27 kb/s, Avg QP:0.00
ffmpeg version 5.1.9-0+deb12u1 Copyright (c) 2000-2026 the FFmpeg developers
  built with gcc 12 (Debian 12.2.0-14+deb12u1)
  configuration: --prefix=/usr --extra-version=0+deb12u1 --toolchain=hardened --libdir=/usr/lib/aarch64-linux-gnu --incdir=/usr/include/aarch64-linux-gnu --arch=arm64 --enable-gpl --disable-stripping --enable-gnutls --enable-ladspa --enable-libaom --enable-libass --enable-libbluray --enable-libbs2b --enable-libcaca --enable-libcdio --enable-libcodec2 --enable-libdav1d --enable-libflite --enable-libfontconfig --enable-libfreetype --enable-libfribidi --enable-libglslang --enable-libgme --enable-libgsm --enable-libjack --enable-libmp3lame --enable-libmysofa --enable-libopenjpeg --enable-libopenmpt --enable-libopus --enable-libpulse --enable-librabbitmq --enable-librist --enable-librubberband --enable-libshine --enable-libsnappy --enable-libsoxr --enable-libspeex --enable-libsrt --enable-libssh --enable-libsvtav1 --enable-libtheora --enable-libtwolame --enable-libvidstab --enable-libvorbis --enable-libvpx --enable-libwebp --enable-libx265 --enable-libxml2 --enable-libxvid --enable-libzimg --enable-libzmq --enable-libzvbi --enable-lv2 --enable-omx --enable-openal --enable-opencl --enable-opengl --enable-sdl2 --disable-sndio --enable-libjxl --enable-pocketsphinx --enable-librsvg --enable-libdc1394 --enable-libdrm --enable-libiec61883 --enable-chromaprint --enable-frei0r --enable-libx264 --enable-libplacebo --enable-librav1e --enable-shared
  libavutil      57. 28.100 / 57. 28.100
  libavcodec     59. 37.100 / 59. 37.100
  libavformat    59. 27.100 / 59. 27.100
  libavdevice    59.  7.100 / 59.  7.100
  libavfilter     8. 44.100 /  8. 44.100
  libswscale      6.  7.100 /  6.  7.100
  libswresample   4.  7.100 /  4.  7.100
  libpostproc    56.  6.100 / 56.  6.100
Input #0, hevc, from '/work/candidate.hevc':
  Duration: N/A, bitrate: N/A
  Stream #0:0: Video: hevc (Main 10), yuv420p10le(tv, bt2020nc/bt2020/smpte2084), 64x64, 24 fps, 24 tbr, 1200k tbn
Stream mapping:
  Stream #0:0 -> #0:0 (hevc (native) -> rawvideo (native))
Press [q] to stop, [?] for help
Output #0, rawvideo, to '/work/decoded.yuv420p10le':
  Metadata:
    encoder         : Lavf59.27.100
  Stream #0:0: Video: rawvideo (Y3[11][10] / 0xA0B3359), yuv420p10le(tv, bt2020nc/bt2020/smpte2084, progressive), 64x64, q=2-31, 1474 kb/s, 24 fps, 24 tbn
    Metadata:
      encoder         : Lavc59.37.100 rawvideo
frame=    1 fps=0.0 q=0.0 size=       0kB time=00:00:00.00 bitrate=N/A speed=   0x    frame=    4 fps=0.0 q=-0.0 Lsize=      48kB time=00:00:00.16 bitrate=2359.3kbits/s speed=37.1x    
video:48kB audio:0kB subtitle:0kB other streams:0kB global headers:0kB muxing overhead: 0.000000%
ffmpeg version 5.1.9-0+deb12u1 Copyright (c) 2000-2026 the FFmpeg developers
  built with gcc 12 (Debian 12.2.0-14+deb12u1)
  configuration: --prefix=/usr --extra-version=0+deb12u1 --toolchain=hardened --libdir=/usr/lib/aarch64-linux-gnu --incdir=/usr/include/aarch64-linux-gnu --arch=arm64 --enable-gpl --disable-stripping --enable-gnutls --enable-ladspa --enable-libaom --enable-libass --enable-libbluray --enable-libbs2b --enable-libcaca --enable-libcdio --enable-libcodec2 --enable-libdav1d --enable-libflite --enable-libfontconfig --enable-libfreetype --enable-libfribidi --enable-libglslang --enable-libgme --enable-libgsm --enable-libjack --enable-libmp3lame --enable-libmysofa --enable-libopenjpeg --enable-libopenmpt --enable-libopus --enable-libpulse --enable-librabbitmq --enable-librist --enable-librubberband --enable-libshine --enable-libsnappy --enable-libsoxr --enable-libspeex --enable-libsrt --enable-libssh --enable-libsvtav1 --enable-libtheora --enable-libtwolame --enable-libvidstab --enable-libvorbis --enable-libvpx --enable-libwebp --enable-libx265 --enable-libxml2 --enable-libxvid --enable-libzimg --enable-libzmq --enable-libzvbi --enable-lv2 --enable-omx --enable-openal --enable-opencl --enable-opengl --enable-sdl2 --disable-sndio --enable-libjxl --enable-pocketsphinx --enable-librsvg --enable-libdc1394 --enable-libdrm --enable-libiec61883 --enable-chromaprint --enable-frei0r --enable-libx264 --enable-libplacebo --enable-librav1e --enable-shared
  libavutil      57. 28.100 / 57. 28.100
  libavcodec     59. 37.100 / 59. 37.100
  libavformat    59. 27.100 / 59. 27.100
  libavdevice    59.  7.100 / 59.  7.100
  libavfilter     8. 44.100 /  8. 44.100
  libswscale      6.  7.100 /  6.  7.100
  libswresample   4.  7.100 /  4.  7.100
  libpostproc    56.  6.100 / 56.  6.100
Input #0, hevc, from '/work/candidate.hevc':
  Duration: N/A, bitrate: N/A
  Stream #0:0: Video: hevc (Main 10), yuv420p10le(tv, bt2020nc/bt2020/smpte2084), 64x64, 24 fps, 24 tbr, 1200k tbn
Stream mapping:
  Stream #0:0 -> #0:0 (hevc (native) -> rawvideo (native))
Press [q] to stop, [?] for help
Output #0, rawvideo, to '/work/decoded-hdr10.rgb48le':
  Metadata:
    encoder         : Lavf59.27.100
  Stream #0:0: Video: rawvideo (RGB0 / 0x30424752), rgb48le(pc, gbr/bt2020/smpte2084, progressive), 64x64, q=2-31, 4718 kb/s, 24 fps, 24 tbn
    Metadata:
      encoder         : Lavc59.37.100 rawvideo
frame=    1 fps=0.0 q=0.0 size=       0kB time=00:00:00.00 bitrate=N/A speed=   0x    frame=    4 fps=0.0 q=-0.0 Lsize=      96kB time=00:00:00.16 bitrate=4718.6kbits/s speed=18.3x    
video:96kB audio:0kB subtitle:0kB other streams:0kB global headers:0kB muxing overhead: 0.000000%
ffmpeg version 5.1.9-0+deb12u1 Copyright (c) 2000-2026 the FFmpeg developers
  built with gcc 12 (Debian 12.2.0-14+deb12u1)
  configuration: --prefix=/usr --extra-version=0+deb12u1 --toolchain=hardened --libdir=/usr/lib/aarch64-linux-gnu --incdir=/usr/include/aarch64-linux-gnu --arch=arm64 --enable-gpl --disable-stripping --enable-gnutls --enable-ladspa --enable-libaom --enable-libass --enable-libbluray --enable-libbs2b --enable-libcaca --enable-libcdio --enable-libcodec2 --enable-libdav1d --enable-libflite --enable-libfontconfig --enable-libfreetype --enable-libfribidi --enable-libglslang --enable-libgme --enable-libgsm --enable-libjack --enable-libmp3lame --enable-libmysofa --enable-libopenjpeg --enable-libopenmpt --enable-libopus --enable-libpulse --enable-librabbitmq --enable-librist --enable-librubberband --enable-libshine --enable-libsnappy --enable-libsoxr --enable-libspeex --enable-libsrt --enable-libssh --enable-libsvtav1 --enable-libtheora --enable-libtwolame --enable-libvidstab --enable-libvorbis --enable-libvpx --enable-libwebp --enable-libx265 --enable-libxml2 --enable-libxvid --enable-libzimg --enable-libzmq --enable-libzvbi --enable-lv2 --enable-omx --enable-openal --enable-opencl --enable-opengl --enable-sdl2 --disable-sndio --enable-libjxl --enable-pocketsphinx --enable-librsvg --enable-libdc1394 --enable-libdrm --enable-libiec61883 --enable-chromaprint --enable-frei0r --enable-libx264 --enable-libplacebo --enable-librav1e --enable-shared
  libavutil      57. 28.100 / 57. 28.100
  libavcodec     59. 37.100 / 59. 37.100
  libavformat    59. 27.100 / 59. 27.100
  libavdevice    59.  7.100 / 59.  7.100
  libavfilter     8. 44.100 /  8. 44.100
  libswscale      6.  7.100 /  6.  7.100
  libswresample   4.  7.100 /  4.  7.100
  libpostproc    56.  6.100 / 56.  6.100
Input #0, hevc, from '/work/hdr10-base.hevc':
  Duration: N/A, bitrate: N/A
  Stream #0:0: Video: hevc (Main 10), yuv420p10le(tv, bt2020nc/bt2020/smpte2084), 64x64, 24 fps, 24 tbr, 1200k tbn
Stream mapping:
  Stream #0:0 -> #0:0 (hevc (native) -> rawvideo (native))
Press [q] to stop, [?] for help
Output #0, rawvideo, to '/work/baseline-decoded.yuv420p10le':
  Metadata:
    encoder         : Lavf59.27.100
  Stream #0:0: Video: rawvideo (Y3[11][10] / 0xA0B3359), yuv420p10le(tv, bt2020nc/bt2020/smpte2084, progressive), 64x64, q=2-31, 1474 kb/s, 24 fps, 24 tbn
    Metadata:
      encoder         : Lavc59.37.100 rawvideo
frame=    1 fps=0.0 q=0.0 size=       0kB time=00:00:00.00 bitrate=N/A speed=   0x    frame=    4 fps=0.0 q=-0.0 Lsize=      48kB time=00:00:00.16 bitrate=2359.3kbits/s speed= 5.4x    
video:48kB audio:0kB subtitle:0kB other streams:0kB global headers:0kB muxing overhead: 0.000000%
{
  "scope": "analytic-control",
  "kind": "independent-arithmetic",
  "method": "Closed-form declared identity polynomial + S=1/1024,T=S/2 residual rr/1024, followed by supplied standard P81 fixed coefficients. Independent Python integer evaluation; no independent Dolby decoding/reference fidelity approval.",
  "width": 16,
  "height": 16,
  "frames": 1,
  "output_format": "rgb48le",
  "color_domain": "BT2020 PQ full-range under standard-P7-matrix assumption",
  "bl_y_code": "400+2*x+y",
  "bl_uv_codes": [
    512,
    512
  ],
  "el_code": "512 + (16 if (x+y+c)%2 else -16)",
  "coefficient_log2_denom": 23,
  "nlq_slope": 8192,
  "nlq_threshold": 4096,
  "unbounded_vdr_in_max": 1,
  "bounded_vdr_in_max": "2/1024",
  "expected_hashes": {
    "nonzero": "9a396cea95201037cc78089f928d11c71f53c919d7d2f9c3e5d60d16b8227f5d",
    "zero": "25d58035aafb4a21f81561a42c4122f73c71d92909c411da56b2415c73cb7d23",
    "disabled": "25d58035aafb4a21f81561a42c4122f73c71d92909c411da56b2415c73cb7d23",
    "bounded": "0c032192c773ae2c945029edf4e1d44c82445e75641b0df4e086c2181b813891"
  },
  "independent_dv_reference": null
}
{
  "scope": "analytic-control; standard matrix, no trims",
  "declared_max_compression_yuv_code_error": 2,
  "chroma_sample_location": "center; explicit point sampling",
  "profile": "Main 10",
  "source_to_yuv_max_code_error_vs_bt2020_ncl": 0,
  "compression_yuv_max_code_error": 2,
  "hdr10_decode_vs_analytic_inverse_ncl_max_rgb_code_error": 0,
  "hdr10_decode_vs_reconstructed_max_rgb_code_error": 219,
  "diagnostic_rgb_bound_codes": 640,
  "bound_selection_timing": "After observed compression delta2/RGB delta218; not preregistered quality qualification",
  "bound_derivation": "ceil(65535*3*(1/876+1.8814/896))+2; conversion/model allowance1 + observed compression2; worst blue NCL inverse",
  "hdr10_decode_unchanged_after_rpu_insertion": true,
  "p81_conformance": null,
  "independent_dv_picture_reference": null,
  "dv_enabled_render": null,
  "result": "pass"
}
......
----------------------------------------------------------------------
Ran 6 tests in 0.017s

OK
....
----------------------------------------------------------------------
Ran 4 tests in 0.130s

OK
{
  "result": "pass",
  "scope": "synthetic no-reorder elementary control",
  "parsed_l1_tags": [
    {
      "min_pq": 0,
      "max_pq": 4095,
      "avg_pq": 2048
    },
    {
      "min_pq": 0,
      "max_pq": 4094,
      "avg_pq": 2047
    },
    {
      "min_pq": 0,
      "max_pq": 4093,
      "avg_pq": 2046
    },
    {
      "min_pq": 0,
      "max_pq": 4092,
      "avg_pq": 2045
    }
  ],
  "frame_count": 4,
  "distinct_source_hashes": 4,
  "distinct_rpu_hashes": 4,
  "coded_duration": "1/24",
  "manifest_time_base": "1/24",
  "actual_container_pts": null,
  "p81_conformance": null
}
{
  "scope": "analytic controls; separate implementations, no independent DV picture reference",
  "same_renderer": "Both DV-on/off outputs use same pinned libplacebo backend",
  "threshold_selection": "25 RGBcode DV diagnostic replay cap selected after observing24; not qualification threshold",
  "scalar_reference_scope": "Independent analytic BT2020 inverseNCL arithmetic only",
  "double_mapping_limit": "Original P7 reshape is identity; this cannot detect double application of arbitrary nonidentity reshaping",
  "unmet_next_operation": "Nonidentity-reshape P7 reconstructed-base authoring control",
  "creative_trims_applied": false,
  "results": [
    {
      "frame_index": 0,
      "decoded_input_file_sha256": "d459a2f163d531d425e9d50af16b3b1426baeb7715ee1124d93c1f2a66168865",
      "selected_decoded_frame_sha256": "182bfbe370fc06cbb2c4e516eca48c91b9f563b853c737f560f158876332277f",
      "frame_selection_method": "GPU helper fseek(frame_index*64*64*3), explicit index",
      "same_renderer_dv_on_vs_hdr10_max_code_delta": 24,
      "gpu_hdr10_vs_independent_inverse_ncl_max_code_delta": 1,
      "gpu_dv_on_vs_independent_inverse_ncl_max_code_delta": 24,
      "dv_on_sha256": "d6891d06dc73f53b81f99543ecf368b971f594c33d0d5211e808ade760cc29ee",
      "hdr10_sha256": "e080d20649de8f34caa03d8e8be3b8723f11ab1d5d20b820a415971d90912861"
    },
    {
      "frame_index": 1,
      "decoded_input_file_sha256": "d459a2f163d531d425e9d50af16b3b1426baeb7715ee1124d93c1f2a66168865",
      "selected_decoded_frame_sha256": "7c0014d8d8cf5bc5344922fc9ca5f7c6ab84146ae2f9d6c1931f4681e48a877b",
      "frame_selection_method": "GPU helper fseek(frame_index*64*64*3), explicit index",
      "same_renderer_dv_on_vs_hdr10_max_code_delta": 24,
      "gpu_hdr10_vs_independent_inverse_ncl_max_code_delta": 1,
      "gpu_dv_on_vs_independent_inverse_ncl_max_code_delta": 24,
      "dv_on_sha256": "5d89f7273ee3bc026f55677fe827a089cd668d2ce1e6f513c21281b78959746a",
      "hdr10_sha256": "e7f64e0b9e83425bd31e8f91291e34b615b85b7e48e8a4b89e046fc208f5bc52"
    },
    {
      "frame_index": 2,
      "decoded_input_file_sha256": "d459a2f163d531d425e9d50af16b3b1426baeb7715ee1124d93c1f2a66168865",
      "selected_decoded_frame_sha256": "47008909ad1897c4be3e66d6f854912bfa3adbc087d873defed254a29c08bd08",
      "frame_selection_method": "GPU helper fseek(frame_index*64*64*3), explicit index",
      "same_renderer_dv_on_vs_hdr10_max_code_delta": 24,
      "gpu_hdr10_vs_independent_inverse_ncl_max_code_delta": 1,
      "gpu_dv_on_vs_independent_inverse_ncl_max_code_delta": 24,
      "dv_on_sha256": "a1117356a6410d9cb6142d66979ab7837609fe7309b885a99864677d3fb28e64",
      "hdr10_sha256": "76be5dab6cbb8c90263f8b897dc8e7289b4ee30874f698aebccf0d242b7442fe"
    },
    {
      "frame_index": 3,
      "decoded_input_file_sha256": "d459a2f163d531d425e9d50af16b3b1426baeb7715ee1124d93c1f2a66168865",
      "selected_decoded_frame_sha256": "935c1a9f42a657868e3e9abadcbe3025fc0d1a85c2e3f13941341c8eaad20f66",
      "frame_selection_method": "GPU helper fseek(frame_index*64*64*3), explicit index",
      "same_renderer_dv_on_vs_hdr10_max_code_delta": 24,
      "gpu_hdr10_vs_independent_inverse_ncl_max_code_delta": 1,
      "gpu_dv_on_vs_independent_inverse_ncl_max_code_delta": 24,
      "dv_on_sha256": "223fdba4e718c25cc44fe6c49ecd13ecc980f6821f210f918e80c9f17f5a39ee",
      "hdr10_sha256": "c86f919a5daa0662448612da7ddba35c9bed9f3431078c09174e8b9c7865af7d"
    }
  ],
  "p81_conformance": null,
  "independent_dv_picture_reference": null,
  "reference_fidelity_improvement": null,
  "result": "diagnostic-control-pass"
}
