{
    "packets_and_frames": [
        {
            "type": "packet",
            "codec_type": "video",
            "stream_index": 0,
            "pts": 0,
            "pts_time": "0.000000",
            "dts": 0,
            "dts_time": "0.000000",
            "duration": 41,
            "duration_time": "0.041000",
            "size": "3215",
            "pos": "3083",
            "flags": "K_"
        },
        {
            "type": "frame",
            "media_type": "video",
            "stream_index": 0,
            "key_frame": 1,
            "pts": 0,
            "pts_time": "0.000000",
            "pkt_dts": 0,
            "pkt_dts_time": "0.000000",
            "best_effort_timestamp": 0,
            "best_effort_timestamp_time": "0.000000",
            "pkt_duration": 41,
            "pkt_duration_time": "0.041000",
            "pkt_pos": "3083",
            "pkt_size": "3215",
            "width": 64,
            "height": 64,
            "pix_fmt": "yuv420p10le",
            "pict_type": "I",
            "coded_picture_number": 0,
            "display_picture_number": 0,
            "interlaced_frame": 0,
            "top_field_first": 0,
            "repeat_pict": 0,
            "color_range": "tv",
            "color_space": "bt2020nc",
            "color_primaries": "bt2020",
            "color_transfer": "smpte2084",
            "chroma_location": "center",
            "side_data_list": [
                {
                    "side_data_type": "Mastering display metadata",
                    "red_x": "35400/50000",
                    "red_y": "14600/50000",
                    "green_x": "8500/50000",
                    "green_y": "39850/50000",
                    "blue_x": "6550/50000",
                    "blue_y": "2300/50000",
                    "white_point_x": "15635/50000",
                    "white_point_y": "16450/50000",
                    "min_luminance": "50/10000",
                    "max_luminance": "100000000/10000"
                },
                {
                    "side_data_type": "Content light level metadata",
                    "max_content": 0,
                    "max_average": 0
                },
                {
                    "side_data_type": "H.26[45] User Data Unregistered SEI message"
                },
                {
                    "side_data_type": "H.26[45] User Data Unregistered SEI message"
                }
            ]
        },
        {
            "type": "packet",
            "codec_type": "video",
            "stream_index": 0,
            "pts": 42,
            "pts_time": "0.042000",
            "dts": 42,
            "dts_time": "0.042000",
            "duration": 41,
            "duration_time": "0.041000",
            "size": "443",
            "pos": "6305",
            "flags": "__"
        },
        {
            "type": "frame",
            "media_type": "video",
            "stream_index": 0,
            "key_frame": 0,
            "pts": 42,
            "pts_time": "0.042000",
            "pkt_dts": 42,
            "pkt_dts_time": "0.042000",
            "best_effort_timestamp": 42,
            "best_effort_timestamp_time": "0.042000",
            "pkt_duration": 41,
            "pkt_duration_time": "0.041000",
            "pkt_pos": "6305",
            "pkt_size": "443",
            "width": 64,
            "height": 64,
            "pix_fmt": "yuv420p10le",
            "pict_type": "P",
            "coded_picture_number": 0,
            "display_picture_number": 0,
            "interlaced_frame": 0,
            "top_field_first": 0,
            "repeat_pict": 0,
            "color_range": "tv",
            "color_space": "bt2020nc",
            "color_primaries": "bt2020",
            "color_transfer": "smpte2084",
            "chroma_location": "center",
            "side_data_list": [
                {
                    "side_data_type": "Mastering display metadata",
                    "red_x": "35400/50000",
                    "red_y": "14600/50000",
                    "green_x": "8500/50000",
                    "green_y": "39850/50000",
                    "blue_x": "6550/50000",
                    "blue_y": "2300/50000",
                    "white_point_x": "15635/50000",
                    "white_point_y": "16450/50000",
                    "min_luminance": "50/10000",
                    "max_luminance": "100000000/10000"
                },
                {
                    "side_data_type": "Content light level metadata",
                    "max_content": 0,
                    "max_average": 0
                }
            ]
        },
        {
            "type": "packet",
            "codec_type": "video",
            "stream_index": 0,
            "pts": 83,
            "pts_time": "0.083000",
            "dts": 83,
            "dts_time": "0.083000",
            "duration": 41,
            "duration_time": "0.041000",
            "size": "467",
            "pos": "6755",
            "flags": "__"
        },
        {
            "type": "frame",
            "media_type": "video",
            "stream_index": 0,
            "key_frame": 0,
            "pts": 83,
            "pts_time": "0.083000",
            "pkt_dts": 83,
            "pkt_dts_time": "0.083000",
            "best_effort_timestamp": 83,
            "best_effort_timestamp_time": "0.083000",
            "pkt_duration": 41,
            "pkt_duration_time": "0.041000",
            "pkt_pos": "6755",
            "pkt_size": "467",
            "width": 64,
            "height": 64,
            "pix_fmt": "yuv420p10le",
            "pict_type": "P",
            "coded_picture_number": 0,
            "display_picture_number": 0,
            "interlaced_frame": 0,
            "top_field_first": 0,
            "repeat_pict": 0,
            "color_range": "tv",
            "color_space": "bt2020nc",
            "color_primaries": "bt2020",
            "color_transfer": "smpte2084",
            "chroma_location": "center",
            "side_data_list": [
                {
                    "side_data_type": "Mastering display metadata",
                    "red_x": "35400/50000",
                    "red_y": "14600/50000",
                    "green_x": "8500/50000",
                    "green_y": "39850/50000",
                    "blue_x": "6550/50000",
                    "blue_y": "2300/50000",
                    "white_point_x": "15635/50000",
                    "white_point_y": "16450/50000",
                    "min_luminance": "50/10000",
                    "max_luminance": "100000000/10000"
                },
                {
                    "side_data_type": "Content light level metadata",
                    "max_content": 0,
                    "max_average": 0
                }
            ]
        },
        {
            "type": "packet",
            "codec_type": "video",
            "stream_index": 0,
            "pts": 125,
            "pts_time": "0.125000",
            "dts": 125,
            "dts_time": "0.125000",
            "duration": 41,
            "duration_time": "0.041000",
            "size": "484",
            "pos": "7229",
            "flags": "__"
        },
        {
            "type": "frame",
            "media_type": "video",
            "stream_index": 0,
            "key_frame": 0,
            "pts": 125,
            "pts_time": "0.125000",
            "pkt_dts": 125,
            "pkt_dts_time": "0.125000",
            "best_effort_timestamp": 125,
            "best_effort_timestamp_time": "0.125000",
            "pkt_duration": 41,
            "pkt_duration_time": "0.041000",
            "pkt_pos": "7229",
            "pkt_size": "484",
            "width": 64,
            "height": 64,
            "pix_fmt": "yuv420p10le",
            "pict_type": "P",
            "coded_picture_number": 0,
            "display_picture_number": 0,
            "interlaced_frame": 0,
            "top_field_first": 0,
            "repeat_pict": 0,
            "color_range": "tv",
            "color_space": "bt2020nc",
            "color_primaries": "bt2020",
            "color_transfer": "smpte2084",
            "chroma_location": "center",
            "side_data_list": [
                {
                    "side_data_type": "Mastering display metadata",
                    "red_x": "35400/50000",
                    "red_y": "14600/50000",
                    "green_x": "8500/50000",
                    "green_y": "39850/50000",
                    "blue_x": "6550/50000",
                    "blue_y": "2300/50000",
                    "white_point_x": "15635/50000",
                    "white_point_y": "16450/50000",
                    "min_luminance": "50/10000",
                    "max_luminance": "100000000/10000"
                },
                {
                    "side_data_type": "Content light level metadata",
                    "max_content": 0,
                    "max_average": 0
                }
            ]
        },
        {
            "type": "packet",
            "codec_type": "video",
            "stream_index": 0,
            "pts": 167,
            "pts_time": "0.167000",
            "dts": 167,
            "dts_time": "0.167000",
            "duration": 41,
            "duration_time": "0.041000",
            "size": "507",
            "pos": "7720",
            "flags": "__"
        },
        {
            "type": "frame",
            "media_type": "video",
            "stream_index": 0,
            "key_frame": 0,
            "pts": 167,
            "pts_time": "0.167000",
            "pkt_dts": 167,
            "pkt_dts_time": "0.167000",
            "best_effort_timestamp": 167,
            "best_effort_timestamp_time": "0.167000",
            "pkt_duration": 41,
            "pkt_duration_time": "0.041000",
            "pkt_pos": "7720",
            "pkt_size": "507",
            "width": 64,
            "height": 64,
            "pix_fmt": "yuv420p10le",
            "pict_type": "P",
            "coded_picture_number": 0,
            "display_picture_number": 0,
            "interlaced_frame": 0,
            "top_field_first": 0,
            "repeat_pict": 0,
            "color_range": "tv",
            "color_space": "bt2020nc",
            "color_primaries": "bt2020",
            "color_transfer": "smpte2084",
            "chroma_location": "center",
            "side_data_list": [
                {
                    "side_data_type": "Mastering display metadata",
                    "red_x": "35400/50000",
                    "red_y": "14600/50000",
                    "green_x": "8500/50000",
                    "green_y": "39850/50000",
                    "blue_x": "6550/50000",
                    "blue_y": "2300/50000",
                    "white_point_x": "15635/50000",
                    "white_point_y": "16450/50000",
                    "min_luminance": "50/10000",
                    "max_luminance": "100000000/10000"
                },
                {
                    "side_data_type": "Content light level metadata",
                    "max_content": 0,
                    "max_average": 0
                }
            ]
        },
        {
            "type": "packet",
            "codec_type": "video",
            "stream_index": 0,
            "pts": 208,
            "pts_time": "0.208000",
            "dts": 208,
            "dts_time": "0.208000",
            "duration": 41,
            "duration_time": "0.041000",
            "size": "526",
            "pos": "8234",
            "flags": "__"
        },
        {
            "type": "frame",
            "media_type": "video",
            "stream_index": 0,
            "key_frame": 0,
            "pts": 208,
            "pts_time": "0.208000",
            "pkt_dts": 208,
            "pkt_dts_time": "0.208000",
            "best_effort_timestamp": 208,
            "best_effort_timestamp_time": "0.208000",
            "pkt_duration": 41,
            "pkt_duration_time": "0.041000",
            "pkt_pos": "8234",
            "pkt_size": "526",
            "width": 64,
            "height": 64,
            "pix_fmt": "yuv420p10le",
            "pict_type": "P",
            "coded_picture_number": 0,
            "display_picture_number": 0,
            "interlaced_frame": 0,
            "top_field_first": 0,
            "repeat_pict": 0,
            "color_range": "tv",
            "color_space": "bt2020nc",
            "color_primaries": "bt2020",
            "color_transfer": "smpte2084",
            "chroma_location": "center",
            "side_data_list": [
                {
                    "side_data_type": "Mastering display metadata",
                    "red_x": "35400/50000",
                    "red_y": "14600/50000",
                    "green_x": "8500/50000",
                    "green_y": "39850/50000",
                    "blue_x": "6550/50000",
                    "blue_y": "2300/50000",
                    "white_point_x": "15635/50000",
                    "white_point_y": "16450/50000",
                    "min_luminance": "50/10000",
                    "max_luminance": "100000000/10000"
                },
                {
                    "side_data_type": "Content light level metadata",
                    "max_content": 0,
                    "max_average": 0
                }
            ]
        }
    ],
    "streams": [
        {
            "index": 0,
            "codec_name": "hevc",
            "codec_long_name": "H.265 / HEVC (High Efficiency Video Coding)",
            "profile": "Main 10",
            "codec_type": "video",
            "codec_tag_string": "[0][0][0][0]",
            "codec_tag": "0x0000",
            "width": 64,
            "height": 64,
            "coded_width": 64,
            "coded_height": 64,
            "closed_captions": 0,
            "film_grain": 0,
            "has_b_frames": 0,
            "pix_fmt": "yuv420p10le",
            "level": 30,
            "color_range": "tv",
            "color_space": "bt2020nc",
            "color_transfer": "smpte2084",
            "color_primaries": "bt2020",
            "chroma_location": "center",
            "field_order": "progressive",
            "refs": 1,
            "r_frame_rate": "24/1",
            "avg_frame_rate": "24/1",
            "time_base": "1/1000",
            "start_pts": 0,
            "start_time": "0.000000",
            "nb_read_frames": "6",
            "nb_read_packets": "6",
            "extradata_size": 2511,
            "disposition": {
                "default": 0,
                "dub": 0,
                "original": 0,
                "comment": 0,
                "lyrics": 0,
                "karaoke": 0,
                "forced": 0,
                "hearing_impaired": 0,
                "visual_impaired": 0,
                "clean_effects": 0,
                "attached_pic": 0,
                "timed_thumbnails": 0,
                "captions": 0,
                "descriptions": 0,
                "metadata": 0,
                "dependent": 0,
                "still_image": 0
            },
            "tags": {
                "ENCODER": "Lavc59.37.100 libx265",
                "DURATION": "00:00:00.250000000"
            }
        }
    ]
}
