rustc 1.97.1 (8bab26f4f 2026-07-14)
    Updating crates.io index
 Downloading crates ...
  Downloaded plotters-backend v0.3.6
  Downloaded anstyle v1.0.7
  Downloaded bitvec_helpers v3.1.5
  Downloaded ciborium-io v0.2.2
  Downloaded cfg-if v1.0.0
  Downloaded is-terminal v0.4.17
  Downloaded same-file v1.0.6
  Downloaded crc v3.2.1
  Downloaded funty v2.0.0
  Downloaded either v1.12.0
  Downloaded itoa v1.0.11
  Downloaded anes v0.1.6
  Downloaded autocfg v1.3.0
  Downloaded criterion-plot v0.5.0
  Downloaded clap_lex v0.7.1
  Downloaded plotters-svg v0.3.7
  Downloaded radium v0.7.0
  Downloaded cast v0.3.0
  Downloaded crc-catalog v2.4.0
  Downloaded once_cell v1.19.0
  Downloaded ciborium v0.2.2
  Downloaded oorandom v11.1.5
  Downloaded tap v1.0.1
  Downloaded wyz v0.5.1
  Downloaded anyhow v1.0.86
  Downloaded crossbeam-deque v0.8.5
  Downloaded quote v1.0.36
  Downloaded crossbeam-epoch v0.9.18
  Downloaded proc-macro2 v1.0.85
  Downloaded walkdir v2.5.0
  Downloaded bitstream-io v2.4.1
  Downloaded clap v4.5.7
  Downloaded serde v1.0.203
  Downloaded ryu v1.0.18
  Downloaded tinyvec v1.6.0
  Downloaded unicode-ident v1.0.12
  Downloaded indexmap v2.2.6
  Downloaded ciborium-ll v0.2.2
  Downloaded equivalent v1.0.1
  Downloaded half v2.7.1
  Downloaded serde_derive v1.0.203
  Downloaded memchr v2.7.4
  Downloaded itertools v0.10.5
  Downloaded tinytemplate v1.2.1
  Downloaded clap_builder v4.5.7
  Downloaded regex v1.10.5
  Downloaded rayon-core v1.13.0
  Downloaded zerocopy-derive v0.8.27
  Downloaded plotters v0.3.6
  Downloaded criterion v0.5.1
  Downloaded hashbrown v0.14.5
  Downloaded serde_json v1.0.117
  Downloaded aho-corasick v1.1.3
  Downloaded rayon v1.12.0
  Downloaded bitvec v1.0.1
  Downloaded syn v2.0.66
  Downloaded zerocopy v0.8.27
  Downloaded regex-syntax v0.8.4
  Downloaded regex-automata v0.4.7
  Downloaded crossbeam-utils v0.8.20
  Downloaded libc v0.2.155
  Downloaded num-traits v0.2.19
   Compiling proc-macro2 v1.0.85
   Compiling unicode-ident v1.0.12
   Compiling serde v1.0.203
   Compiling crossbeam-utils v0.8.20
   Compiling quote v1.0.36
   Compiling zerocopy v0.8.27
   Compiling syn v2.0.66
   Compiling equivalent v1.0.1
   Compiling autocfg v1.3.0
   Compiling serde_derive v1.0.203
   Compiling zerocopy-derive v0.8.27
   Compiling hashbrown v0.14.5
   Compiling serde_json v1.0.117
   Compiling indexmap v2.2.6
   Compiling num-traits v0.2.19
   Compiling crossbeam-epoch v0.9.18
   Compiling rayon-core v1.13.0
   Compiling either v1.12.0
   Compiling cfg-if v1.0.0
   Compiling ryu v1.0.18
   Compiling itoa v1.0.11
   Compiling radium v0.7.0
   Compiling libc v0.2.155
   Compiling half v2.7.1
   Compiling crossbeam-deque v0.8.5
   Compiling plotters-backend v0.3.6
   Compiling clap_lex v0.7.1
   Compiling ciborium-io v0.2.2
   Compiling anstyle v1.0.7
   Compiling tap v1.0.1
   Compiling anyhow v1.0.86
   Compiling regex-syntax v0.8.4
   Compiling clap_builder v4.5.7
   Compiling regex-automata v0.4.7
   Compiling wyz v0.5.1
   Compiling ciborium-ll v0.2.2
   Compiling plotters-svg v0.3.7
   Compiling itertools v0.10.5
   Compiling bitstream-io v2.4.1
   Compiling cast v0.3.0
   Compiling crc-catalog v2.4.0
   Compiling funty v2.0.0
   Compiling same-file v1.0.6
   Compiling walkdir v2.5.0
   Compiling bitvec v1.0.1
   Compiling crc v3.2.1
   Compiling criterion-plot v0.5.0
   Compiling bitvec_helpers v3.1.5
   Compiling is-terminal v0.4.17
   Compiling rayon v1.12.0
   Compiling plotters v0.3.6
   Compiling ciborium v0.2.2
   Compiling regex v1.10.5
   Compiling clap v4.5.7
   Compiling tinytemplate v1.2.1
   Compiling tinyvec v1.6.0
   Compiling oorandom v11.1.5
   Compiling anes v0.1.6
   Compiling once_cell v1.19.0
   Compiling dolby_vision v3.3.1 (/work/libdovi-source/dolby_vision)
   Compiling criterion v0.5.1
    Finished `release` profile [optimized] target(s) in 1m 27s
     Running `work/libdovi-source/target/release/examples/m0_nonidentity /work`
d7f4dce9f72a6d0ff1258790eebd47bce29f66785ceec8350e2504deff9eb65c  /work/cpu_processor
{"accepted":true,"el_processing":true,"trim_processing":false,"pixels":256,"format":"rgb48le"}
{"accepted":true,"el_processing":true,"trim_processing":false,"pixels":256,"format":"rgb48le"}
{"accepted":true,"el_processing":true,"trim_processing":false,"pixels":256,"format":"rgb48le"}
{
  "scope": "Restricted supplied standard matrix; affine polynomial and declared linear residual; no approved Dolby oracle",
  "result": "analytic-control-pass",
  "results": [
    {
      "control": "reconstructed",
      "max_code_error": 0,
      "actual_sha256": "e0447575d024ce2455e4e7dd145bc7dab3748687f7db61e3f9f3cd731b86e873"
    },
    {
      "control": "zero",
      "max_code_error": 0,
      "actual_sha256": "d4bbbd9854a5bdc7b2e52626630074d1631541d277d2f1dd81425a79d24f0791"
    },
    {
      "control": "identity",
      "max_code_error": 0,
      "actual_sha256": "9a396cea95201037cc78089f928d11c71f53c919d7d2f9c3e5d60d16b8227f5d"
    }
  ],
  "p81_conformance": null
}
Linux 0eb80b591949 7.0.12-linuxkit #1 SMP PREEMPT Fri Aug 14 16:27:59 UTC 2026 aarch64 GNU/Linux
ffmpeg version 5.1.9-0+deb12u1 Copyright (c) 2000-2026 the FFmpeg developers
built with gcc 12 (Debian 12.2.0-14+deb12u1)
configuration: --prefix=/usr --extra-version=0+deb12u1 --toolchain=hardened --libdir=/usr/lib/aarch64-linux-gnu --incdir=/usr/include/aarch64-linux-gnu --arch=arm64 --enable-gpl --disable-stripping --enable-gnutls --enable-ladspa --enable-libaom --enable-libass --enable-libbluray --enable-libbs2b --enable-libcaca --enable-libcdio --enable-libcodec2 --enable-libdav1d --enable-libflite --enable-libfontconfig --enable-libfreetype --enable-libfribidi --enable-libglslang --enable-libgme --enable-libgsm --enable-libjack --enable-libmp3lame --enable-libmysofa --enable-libopenjpeg --enable-libopenmpt --enable-libopus --enable-libpulse --enable-librabbitmq --enable-librist --enable-librubberband --enable-libshine --enable-libsnappy --enable-libsoxr --enable-libspeex --enable-libsrt --enable-libssh --enable-libsvtav1 --enable-libtheora --enable-libtwolame --enable-libvidstab --enable-libvorbis --enable-libvpx --enable-libwebp --enable-libx265 --enable-libxml2 --enable-libxvid --enable-libzimg --enable-libzmq --enable-libzvbi --enable-lv2 --enable-omx --enable-openal --enable-opencl --enable-opengl --enable-sdl2 --disable-sndio --enable-libjxl --enable-pocketsphinx --enable-librsvg --enable-libdc1394 --enable-libdrm --enable-libiec61883 --enable-chromaprint --enable-frei0r --enable-libx264 --enable-libplacebo --enable-librav1e --enable-shared
libavutil      57. 28.100 / 57. 28.100
libavcodec     59. 37.100 / 59. 37.100
libavformat    59. 27.100 / 59. 27.100
libavdevice    59.  7.100 / 59.  7.100
libavfilter     8. 44.100 /  8. 44.100
libswscale      6.  7.100 /  6.  7.100
libswresample   4.  7.100 /  4.  7.100
libpostproc    56.  6.100 / 56.  6.100
ffmpeg version 5.1.9-0+deb12u1 Copyright (c) 2000-2026 the FFmpeg developers
  built with gcc 12 (Debian 12.2.0-14+deb12u1)
  configuration: --prefix=/usr --extra-version=0+deb12u1 --toolchain=hardened --libdir=/usr/lib/aarch64-linux-gnu --incdir=/usr/include/aarch64-linux-gnu --arch=arm64 --enable-gpl --disable-stripping --enable-gnutls --enable-ladspa --enable-libaom --enable-libass --enable-libbluray --enable-libbs2b --enable-libcaca --enable-libcdio --enable-libcodec2 --enable-libdav1d --enable-libflite --enable-libfontconfig --enable-libfreetype --enable-libfribidi --enable-libglslang --enable-libgme --enable-libgsm --enable-libjack --enable-libmp3lame --enable-libmysofa --enable-libopenjpeg --enable-libopenmpt --enable-libopus --enable-libpulse --enable-librabbitmq --enable-librist --enable-librubberband --enable-libshine --enable-libsnappy --enable-libsoxr --enable-libspeex --enable-libsrt --enable-libssh --enable-libsvtav1 --enable-libtheora --enable-libtwolame --enable-libvidstab --enable-libvorbis --enable-libvpx --enable-libwebp --enable-libx265 --enable-libxml2 --enable-libxvid --enable-libzimg --enable-libzmq --enable-libzvbi --enable-lv2 --enable-omx --enable-openal --enable-opencl --enable-opengl --enable-sdl2 --disable-sndio --enable-libjxl --enable-pocketsphinx --enable-librsvg --enable-libdc1394 --enable-libdrm --enable-libiec61883 --enable-chromaprint --enable-frei0r --enable-libx264 --enable-libplacebo --enable-librav1e --enable-shared
  libavutil      57. 28.100 / 57. 28.100
  libavcodec     59. 37.100 / 59. 37.100
  libavformat    59. 27.100 / 59. 27.100
  libavdevice    59.  7.100 / 59.  7.100
  libavfilter     8. 44.100 /  8. 44.100
  libswscale      6.  7.100 /  6.  7.100
  libswresample   4.  7.100 /  4.  7.100
  libpostproc    56.  6.100 / 56.  6.100
[rawvideo @ 0xaaaaea084440] Estimating duration from bitrate, this may be inaccurate
Input #0, rawvideo, from '/work/reconstructed64.rgb48le':
  Duration: 00:00:00.17, start: 0.000000, bitrate: 4718 kb/s
  Stream #0:0: Video: rawvideo (RGB0 / 0x30424752), rgb48le(pc, gbr/bt2020/smpte2084), 64x64, 4718 kb/s, 24 tbr, 24 tbn
Stream mapping:
  Stream #0:0 -> #0:0 (rawvideo (native) -> rawvideo (native))
Press [q] to stop, [?] for help
Output #0, rawvideo, to '/work/reconstructed64.yuv420p10le':
  Metadata:
    encoder         : Lavf59.27.100
  Stream #0:0: Video: rawvideo (Y3[11][10] / 0xA0B3359), yuv420p10le(tv, bt2020nc/bt2020/smpte2084, progressive), 64x64, q=2-31, 1474 kb/s, 24 fps, 24 tbn
    Metadata:
      encoder         : Lavc59.37.100 rawvideo
frame=    1 fps=0.0 q=0.0 size=       0kB time=00:00:00.00 bitrate=N/A speed=N/A    frame=    4 fps=0.0 q=-0.0 Lsize=      48kB time=00:00:00.16 bitrate=2359.3kbits/s speed=28.9x    
video:48kB audio:0kB subtitle:0kB other streams:0kB global headers:0kB muxing overhead: 0.000000%
ffmpeg version 5.1.9-0+deb12u1 Copyright (c) 2000-2026 the FFmpeg developers
  built with gcc 12 (Debian 12.2.0-14+deb12u1)
  configuration: --prefix=/usr --extra-version=0+deb12u1 --toolchain=hardened --libdir=/usr/lib/aarch64-linux-gnu --incdir=/usr/include/aarch64-linux-gnu --arch=arm64 --enable-gpl --disable-stripping --enable-gnutls --enable-ladspa --enable-libaom --enable-libass --enable-libbluray --enable-libbs2b --enable-libcaca --enable-libcdio --enable-libcodec2 --enable-libdav1d --enable-libflite --enable-libfontconfig --enable-libfreetype --enable-libfribidi --enable-libglslang --enable-libgme --enable-libgsm --enable-libjack --enable-libmp3lame --enable-libmysofa --enable-libopenjpeg --enable-libopenmpt --enable-libopus --enable-libpulse --enable-librabbitmq --enable-librist --enable-librubberband --enable-libshine --enable-libsnappy --enable-libsoxr --enable-libspeex --enable-libsrt --enable-libssh --enable-libsvtav1 --enable-libtheora --enable-libtwolame --enable-libvidstab --enable-libvorbis --enable-libvpx --enable-libwebp --enable-libx265 --enable-libxml2 --enable-libxvid --enable-libzimg --enable-libzmq --enable-libzvbi --enable-lv2 --enable-omx --enable-openal --enable-opencl --enable-opengl --enable-sdl2 --disable-sndio --enable-libjxl --enable-pocketsphinx --enable-librsvg --enable-libdc1394 --enable-libdrm --enable-libiec61883 --enable-chromaprint --enable-frei0r --enable-libx264 --enable-libplacebo --enable-librav1e --enable-shared
  libavutil      57. 28.100 / 57. 28.100
  libavcodec     59. 37.100 / 59. 37.100
  libavformat    59. 27.100 / 59. 27.100
  libavdevice    59.  7.100 / 59.  7.100
  libavfilter     8. 44.100 /  8. 44.100
  libswscale      6.  7.100 /  6.  7.100
  libswresample   4.  7.100 /  4.  7.100
  libpostproc    56.  6.100 / 56.  6.100
[rawvideo @ 0xaaaaf49484c0] Estimating duration from bitrate, this may be inaccurate
Input #0, rawvideo, from '/work/reconstructed64.yuv420p10le':
  Duration: 00:00:00.17, start: 0.000000, bitrate: 2359 kb/s
  Stream #0:0: Video: rawvideo (Y3[11][10] / 0xA0B3359), yuv420p10le(tv, bt2020nc/bt2020/smpte2084), 64x64, 2359 kb/s, 24 tbr, 24 tbn
Stream mapping:
  Stream #0:0 -> #0:0 (rawvideo (native) -> hevc (libx265))
Press [q] to stop, [?] for help
x265 [info]: HEVC encoder version 3.5+1-f0c1022b6
x265 [info]: build info [Linux][GCC 12.2.0][32 bit][noasm] 10bit
x265 [info]: using cpu capabilities: NEON
x265 [info]: Main 10 profile, Level-1 (Main tier)
x265 [warning]: Too few rows/columns, --wpp disabled
x265 [error]: Failed to genrate CPU mask
x265 [info]: Thread pool created using 1 threads
x265 [info]: Slices                              : 1
x265 [info]: frame threads / pool features       : 1 / none
libnuma: Warning: Cannot read node cpumask from sysfs
numa_sched_setaffinity_v2_int() failed: Invalid argument
set_mempolicy: Operation not permitted
set_mempolicy: Operation not permitted
x265 [warning]: Source height < 720p; disabling lookahead-slices
numa_sched_setaffinity_v2_int() failed: Invalid argument
set_mempolicy: Operation not permitted
set_mempolicy: Operation not permitted
x265 [info]: Coding QT: max CU size, min CU size : 64 / 8
x265 [info]: Residual QT: max TU size, max depth : 32 / 1 inter / 1 intra
x265 [info]: ME / range / subpel / merge         : star / 57 / 3 / 3
x265 [info]: Lookahead / bframes / badapt        : 25 / 0 / 2
x265 [info]: b-pyramid / weightp / weightb       : 0 / 1 / 0
x265 [info]: References / ref-limit  cu / depth  : 4 / on / on
x265 [info]: Rate Control                        : CQP-0
x265 [info]: tools: rect limit-modes rd=4 psy-rd=2.00 rdoq=2 psy-rdoq=1.00
x265 [info]: tools: rskip mode=1 signhide tmvp strong-intra-smoothing deblock
x265 [info]: tools: sao
Output #0, hevc, to '/work/hdr10-base.hevc':
  Metadata:
    encoder         : Lavf59.27.100
  Stream #0:0: Video: hevc, yuv420p10le(tv, bt2020nc/bt2020/smpte2084, progressive), 64x64, q=2-31, 24 fps, 24 tbn
    Metadata:
      encoder         : Lavc59.37.100 libx265
    Side data:
      cpb: bitrate max/min/avg: 0/0/0 buffer size: 0 vbv_delay: N/A
frame=    1 fps=0.0 q=0.0 size=       0kB time=00:00:00.00 bitrate=N/A speed=   0x    frame=    4 fps=0.0 q=0.0 Lsize=       4kB time=00:00:00.16 bitrate= 202.0kbits/s speed=9.69x    
video:4kB audio:0kB subtitle:0kB other streams:0kB global headers:0kB muxing overhead: 0.000000%
x265 [info]: frame I:      1, Avg QP:0.00  kb/s: 281.86  
x265 [info]: frame P:      3, Avg QP:0.00  kb/s: 19.97   
x265 [info]: Weighted P-Frames: Y:0.0% UV:0.0%
x265 [info]: consecutive B-frames: 100.0% 

encoded 4 frames in 0.02s (263.33 fps), 85.44 kb/s, Avg QP:0.00
ffmpeg version 5.1.9-0+deb12u1 Copyright (c) 2000-2026 the FFmpeg developers
  built with gcc 12 (Debian 12.2.0-14+deb12u1)
  configuration: --prefix=/usr --extra-version=0+deb12u1 --toolchain=hardened --libdir=/usr/lib/aarch64-linux-gnu --incdir=/usr/include/aarch64-linux-gnu --arch=arm64 --enable-gpl --disable-stripping --enable-gnutls --enable-ladspa --enable-libaom --enable-libass --enable-libbluray --enable-libbs2b --enable-libcaca --enable-libcdio --enable-libcodec2 --enable-libdav1d --enable-libflite --enable-libfontconfig --enable-libfreetype --enable-libfribidi --enable-libglslang --enable-libgme --enable-libgsm --enable-libjack --enable-libmp3lame --enable-libmysofa --enable-libopenjpeg --enable-libopenmpt --enable-libopus --enable-libpulse --enable-librabbitmq --enable-librist --enable-librubberband --enable-libshine --enable-libsnappy --enable-libsoxr --enable-libspeex --enable-libsrt --enable-libssh --enable-libsvtav1 --enable-libtheora --enable-libtwolame --enable-libvidstab --enable-libvorbis --enable-libvpx --enable-libwebp --enable-libx265 --enable-libxml2 --enable-libxvid --enable-libzimg --enable-libzmq --enable-libzvbi --enable-lv2 --enable-omx --enable-openal --enable-opencl --enable-opengl --enable-sdl2 --disable-sndio --enable-libjxl --enable-pocketsphinx --enable-librsvg --enable-libdc1394 --enable-libdrm --enable-libiec61883 --enable-chromaprint --enable-frei0r --enable-libx264 --enable-libplacebo --enable-librav1e --enable-shared
  libavutil      57. 28.100 / 57. 28.100
  libavcodec     59. 37.100 / 59. 37.100
  libavformat    59. 27.100 / 59. 27.100
  libavdevice    59.  7.100 / 59.  7.100
  libavfilter     8. 44.100 /  8. 44.100
  libswscale      6.  7.100 /  6.  7.100
  libswresample   4.  7.100 /  4.  7.100
  libpostproc    56.  6.100 / 56.  6.100
Input #0, hevc, from '/work/candidate.hevc':
  Duration: N/A, bitrate: N/A
  Stream #0:0: Video: hevc (Main 10), yuv420p10le(tv, bt2020nc/bt2020/smpte2084), 64x64, 24 fps, 24 tbr, 1200k tbn
Stream mapping:
  Stream #0:0 -> #0:0 (hevc (native) -> rawvideo (native))
Press [q] to stop, [?] for help
Output #0, rawvideo, to '/work/decoded.yuv420p10le':
  Metadata:
    encoder         : Lavf59.27.100
  Stream #0:0: Video: rawvideo (Y3[11][10] / 0xA0B3359), yuv420p10le(tv, bt2020nc/bt2020/smpte2084, progressive), 64x64, q=2-31, 1474 kb/s, 24 fps, 24 tbn
    Metadata:
      encoder         : Lavc59.37.100 rawvideo
frame=    1 fps=0.0 q=0.0 size=       0kB time=00:00:00.00 bitrate=N/A speed=   0x    frame=    4 fps=0.0 q=-0.0 Lsize=      48kB time=00:00:00.16 bitrate=2359.3kbits/s speed=93.6x    
video:48kB audio:0kB subtitle:0kB other streams:0kB global headers:0kB muxing overhead: 0.000000%
ffmpeg version 5.1.9-0+deb12u1 Copyright (c) 2000-2026 the FFmpeg developers
  built with gcc 12 (Debian 12.2.0-14+deb12u1)
  configuration: --prefix=/usr --extra-version=0+deb12u1 --toolchain=hardened --libdir=/usr/lib/aarch64-linux-gnu --incdir=/usr/include/aarch64-linux-gnu --arch=arm64 --enable-gpl --disable-stripping --enable-gnutls --enable-ladspa --enable-libaom --enable-libass --enable-libbluray --enable-libbs2b --enable-libcaca --enable-libcdio --enable-libcodec2 --enable-libdav1d --enable-libflite --enable-libfontconfig --enable-libfreetype --enable-libfribidi --enable-libglslang --enable-libgme --enable-libgsm --enable-libjack --enable-libmp3lame --enable-libmysofa --enable-libopenjpeg --enable-libopenmpt --enable-libopus --enable-libpulse --enable-librabbitmq --enable-librist --enable-librubberband --enable-libshine --enable-libsnappy --enable-libsoxr --enable-libspeex --enable-libsrt --enable-libssh --enable-libsvtav1 --enable-libtheora --enable-libtwolame --enable-libvidstab --enable-libvorbis --enable-libvpx --enable-libwebp --enable-libx265 --enable-libxml2 --enable-libxvid --enable-libzimg --enable-libzmq --enable-libzvbi --enable-lv2 --enable-omx --enable-openal --enable-opencl --enable-opengl --enable-sdl2 --disable-sndio --enable-libjxl --enable-pocketsphinx --enable-librsvg --enable-libdc1394 --enable-libdrm --enable-libiec61883 --enable-chromaprint --enable-frei0r --enable-libx264 --enable-libplacebo --enable-librav1e --enable-shared
  libavutil      57. 28.100 / 57. 28.100
  libavcodec     59. 37.100 / 59. 37.100
  libavformat    59. 27.100 / 59. 27.100
  libavdevice    59.  7.100 / 59.  7.100
  libavfilter     8. 44.100 /  8. 44.100
  libswscale      6.  7.100 /  6.  7.100
  libswresample   4.  7.100 /  4.  7.100
  libpostproc    56.  6.100 / 56.  6.100
Input #0, hevc, from '/work/candidate.hevc':
  Duration: N/A, bitrate: N/A
  Stream #0:0: Video: hevc (Main 10), yuv420p10le(tv, bt2020nc/bt2020/smpte2084), 64x64, 24 fps, 24 tbr, 1200k tbn
Stream mapping:
  Stream #0:0 -> #0:0 (hevc (native) -> rawvideo (native))
Press [q] to stop, [?] for help
Output #0, rawvideo, to '/work/decoded-hdr10.rgb48le':
  Metadata:
    encoder         : Lavf59.27.100
  Stream #0:0: Video: rawvideo (RGB0 / 0x30424752), rgb48le(pc, gbr/bt2020/smpte2084, progressive), 64x64, q=2-31, 4718 kb/s, 24 fps, 24 tbn
    Metadata:
      encoder         : Lavc59.37.100 rawvideo
frame=    1 fps=0.0 q=0.0 size=       0kB time=00:00:00.00 bitrate=N/A speed=   0x    frame=    4 fps=0.0 q=-0.0 Lsize=      96kB time=00:00:00.16 bitrate=4718.6kbits/s speed=27.3x    
video:96kB audio:0kB subtitle:0kB other streams:0kB global headers:0kB muxing overhead: 0.000000%
ffmpeg version 5.1.9-0+deb12u1 Copyright (c) 2000-2026 the FFmpeg developers
  built with gcc 12 (Debian 12.2.0-14+deb12u1)
  configuration: --prefix=/usr --extra-version=0+deb12u1 --toolchain=hardened --libdir=/usr/lib/aarch64-linux-gnu --incdir=/usr/include/aarch64-linux-gnu --arch=arm64 --enable-gpl --disable-stripping --enable-gnutls --enable-ladspa --enable-libaom --enable-libass --enable-libbluray --enable-libbs2b --enable-libcaca --enable-libcdio --enable-libcodec2 --enable-libdav1d --enable-libflite --enable-libfontconfig --enable-libfreetype --enable-libfribidi --enable-libglslang --enable-libgme --enable-libgsm --enable-libjack --enable-libmp3lame --enable-libmysofa --enable-libopenjpeg --enable-libopenmpt --enable-libopus --enable-libpulse --enable-librabbitmq --enable-librist --enable-librubberband --enable-libshine --enable-libsnappy --enable-libsoxr --enable-libspeex --enable-libsrt --enable-libssh --enable-libsvtav1 --enable-libtheora --enable-libtwolame --enable-libvidstab --enable-libvorbis --enable-libvpx --enable-libwebp --enable-libx265 --enable-libxml2 --enable-libxvid --enable-libzimg --enable-libzmq --enable-libzvbi --enable-lv2 --enable-omx --enable-openal --enable-opencl --enable-opengl --enable-sdl2 --disable-sndio --enable-libjxl --enable-pocketsphinx --enable-librsvg --enable-libdc1394 --enable-libdrm --enable-libiec61883 --enable-chromaprint --enable-frei0r --enable-libx264 --enable-libplacebo --enable-librav1e --enable-shared
  libavutil      57. 28.100 / 57. 28.100
  libavcodec     59. 37.100 / 59. 37.100
  libavformat    59. 27.100 / 59. 27.100
  libavdevice    59.  7.100 / 59.  7.100
  libavfilter     8. 44.100 /  8. 44.100
  libswscale      6.  7.100 /  6.  7.100
  libswresample   4.  7.100 /  4.  7.100
  libpostproc    56.  6.100 / 56.  6.100
Input #0, hevc, from '/work/hdr10-base.hevc':
  Duration: N/A, bitrate: N/A
  Stream #0:0: Video: hevc (Main 10), yuv420p10le(tv, bt2020nc/bt2020/smpte2084), 64x64, 24 fps, 24 tbr, 1200k tbn
Stream mapping:
  Stream #0:0 -> #0:0 (hevc (native) -> rawvideo (native))
Press [q] to stop, [?] for help
Output #0, rawvideo, to '/work/baseline-decoded.yuv420p10le':
  Metadata:
    encoder         : Lavf59.27.100
  Stream #0:0: Video: rawvideo (Y3[11][10] / 0xA0B3359), yuv420p10le(tv, bt2020nc/bt2020/smpte2084, progressive), 64x64, q=2-31, 1474 kb/s, 24 fps, 24 tbn
    Metadata:
      encoder         : Lavc59.37.100 rawvideo
frame=    1 fps=0.0 q=0.0 size=       0kB time=00:00:00.00 bitrate=N/A speed=   0x    frame=    4 fps=0.0 q=-0.0 Lsize=      48kB time=00:00:00.16 bitrate=2359.3kbits/s speed= 107x    
video:48kB audio:0kB subtitle:0kB other streams:0kB global headers:0kB muxing overhead: 0.000000%
{
  "scope": "analytic-control; standard matrix, no trims",
  "declared_max_compression_yuv_code_error": 4,
  "chroma_sample_location": "center; explicit point sampling",
  "profile": "Main 10",
  "source_to_yuv_max_code_error_vs_bt2020_ncl": 0,
  "compression_yuv_max_code_error": 2,
  "hdr10_decode_vs_analytic_inverse_ncl_max_rgb_code_error": 1,
  "hdr10_decode_vs_reconstructed_max_rgb_code_error": 245,
  "registered_arithmetic_rgb_bound_codes": 1065,
  "bound_selection_timing": "Registered before CPU reconstruction, encode and GPU render; analytic mechanism control only, no picture quality qualification",
  "bound_derivation": "ceil(65535*5*(1/876+1.8814/896))+2; conversion allowance1 + compression cap4",
  "hdr10_decode_unchanged_after_rpu_insertion": true,
  "p81_conformance": null,
  "independent_dv_picture_reference": null,
  "dv_enabled_render": null,
  "result": "pass",
  "verified_hdr10_tags": {
    "profile": "Main 10",
    "width": 64,
    "height": 64,
    "pix_fmt": "yuv420p10le",
    "color_range": "tv",
    "color_space": "bt2020nc",
    "color_primaries": "bt2020",
    "color_transfer": "smpte2084",
    "chroma_location": "center"
  },
  "verified_frame_count": 4
}
{
  "scope": "Declared affine-luma synthetic control; full-matrix independent arithmetic, no independent DV picture reference",
  "registered_limits_sha256": "d7d71c1aad9f1278e567a38589dc96bf1cc8b0f800b40c98a95d801c16821e9f",
  "result": "analytic-control-pass",
  "results": [
    {
      "consumed_bytes_verified": true,
      "actual_parsed_luma_curve": {
        "constant_integer": 0,
        "constant_fraction": 0,
        "slope_integer": 1,
        "slope_fraction": 0,
        "denominator": 8388608
      },
      "actual_frame_event": {
        "kind": "frame",
        "case": "zero",
        "pts": "0/24",
        "duration": "1/24",
        "el_bound": false,
        "nlq_active": false,
        "rpu_parsed": true,
        "direct_dispatch_ok": true,
        "render_ok": true,
        "render_errors": 0,
        "qualified_fel": false
      },
      "frame": 0,
      "control": "correct",
      "stage": "reconstruction",
      "max_pq_error": 8.809218989935808e-06,
      "max_rgb_code_error": 1,
      "output_sha256": "1038750ee13b97655657e9c1579deb199ced3815cdef06974a6d22aed16d2219",
      "rpu_sha256": "9c85e5aacbb9f67d5ec89334dec13453fcbe4c80f7aefd76fe5962be5d499b64",
      "decoded_frame_sha256": "70fda9234d8b69eadf2853afe66131d6fe7816d0e837ea4f429129bfca585912"
    },
    {
      "consumed_bytes_verified": true,
      "actual_parsed_luma_curve": {
        "constant_integer": 0,
        "constant_fraction": 0,
        "slope_integer": 1,
        "slope_fraction": 0,
        "denominator": 8388608
      },
      "actual_frame_event": {
        "kind": "frame",
        "case": "zero",
        "pts": "0/24",
        "duration": "1/24",
        "el_bound": false,
        "nlq_active": false,
        "rpu_parsed": true,
        "direct_dispatch_ok": true,
        "render_ok": true,
        "render_errors": 0,
        "qualified_fel": false
      },
      "frame": 0,
      "control": "correct",
      "stage": "rendered",
      "max_pq_error": 8.809218989935808e-06,
      "max_rgb_code_error": 1,
      "output_sha256": "1038750ee13b97655657e9c1579deb199ced3815cdef06974a6d22aed16d2219",
      "rpu_sha256": "9c85e5aacbb9f67d5ec89334dec13453fcbe4c80f7aefd76fe5962be5d499b64",
      "decoded_frame_sha256": "70fda9234d8b69eadf2853afe66131d6fe7816d0e837ea4f429129bfca585912"
    },
    {
      "consumed_bytes_verified": true,
      "actual_parsed_luma_curve": {
        "constant_integer": 0,
        "constant_fraction": 524288,
        "slope_integer": 0,
        "slope_fraction": 6291456,
        "denominator": 8388608
      },
      "actual_frame_event": {
        "kind": "frame",
        "case": "zero",
        "pts": "0/24",
        "duration": "1/24",
        "el_bound": false,
        "nlq_active": false,
        "rpu_parsed": true,
        "direct_dispatch_ok": true,
        "render_ok": true,
        "render_errors": 0,
        "qualified_fel": false
      },
      "frame": 0,
      "control": "wrong",
      "stage": "reconstruction",
      "max_pq_error": 6.856264092802711e-06,
      "max_rgb_code_error": 1,
      "output_sha256": "c8e54f8fb170ceb27782f13066da50cdfc37cf948933ca7b5703d7fef93693eb",
      "rpu_sha256": "6bb20ebc399557cf4766b802a0e93b21fa441ce6a1ceab92ed9a0f92c86dddac",
      "decoded_frame_sha256": "70fda9234d8b69eadf2853afe66131d6fe7816d0e837ea4f429129bfca585912"
    },
    {
      "consumed_bytes_verified": true,
      "actual_parsed_luma_curve": {
        "constant_integer": 0,
        "constant_fraction": 524288,
        "slope_integer": 0,
        "slope_fraction": 6291456,
        "denominator": 8388608
      },
      "actual_frame_event": {
        "kind": "frame",
        "case": "zero",
        "pts": "0/24",
        "duration": "1/24",
        "el_bound": false,
        "nlq_active": false,
        "rpu_parsed": true,
        "direct_dispatch_ok": true,
        "render_ok": true,
        "render_errors": 0,
        "qualified_fel": false
      },
      "frame": 0,
      "control": "wrong",
      "stage": "rendered",
      "max_pq_error": 6.856264092802711e-06,
      "max_rgb_code_error": 1,
      "output_sha256": "c8e54f8fb170ceb27782f13066da50cdfc37cf948933ca7b5703d7fef93693eb",
      "rpu_sha256": "6bb20ebc399557cf4766b802a0e93b21fa441ce6a1ceab92ed9a0f92c86dddac",
      "decoded_frame_sha256": "70fda9234d8b69eadf2853afe66131d6fe7816d0e837ea4f429129bfca585912"
    },
    {
      "consumed_bytes_verified": true,
      "actual_parsed_luma_curve": {
        "constant_integer": 0,
        "constant_fraction": 0,
        "slope_integer": 1,
        "slope_fraction": 0,
        "denominator": 8388608
      },
      "actual_frame_event": {
        "kind": "frame",
        "case": "zero",
        "pts": "1/24",
        "duration": "1/24",
        "el_bound": false,
        "nlq_active": false,
        "rpu_parsed": true,
        "direct_dispatch_ok": true,
        "render_ok": true,
        "render_errors": 0,
        "qualified_fel": false
      },
      "frame": 1,
      "control": "correct",
      "stage": "reconstruction",
      "max_pq_error": 8.809218989935808e-06,
      "max_rgb_code_error": 1,
      "output_sha256": "89940418ab5fc7098a8f7d20e582901f51f156040257646cdc49f45ce175aed7",
      "rpu_sha256": "1186fa17f90d6c64104aefca3f2a9b0c636472a549565d8a1c70a8857852dad4",
      "decoded_frame_sha256": "9674001558b8245694ac0b8a1d8b737abe03c21adf5cb0978079857342ac523b"
    },
    {
      "consumed_bytes_verified": true,
      "actual_parsed_luma_curve": {
        "constant_integer": 0,
        "constant_fraction": 0,
        "slope_integer": 1,
        "slope_fraction": 0,
        "denominator": 8388608
      },
      "actual_frame_event": {
        "kind": "frame",
        "case": "zero",
        "pts": "1/24",
        "duration": "1/24",
        "el_bound": false,
        "nlq_active": false,
        "rpu_parsed": true,
        "direct_dispatch_ok": true,
        "render_ok": true,
        "render_errors": 0,
        "qualified_fel": false
      },
      "frame": 1,
      "control": "correct",
      "stage": "rendered",
      "max_pq_error": 8.809218989935808e-06,
      "max_rgb_code_error": 1,
      "output_sha256": "89940418ab5fc7098a8f7d20e582901f51f156040257646cdc49f45ce175aed7",
      "rpu_sha256": "1186fa17f90d6c64104aefca3f2a9b0c636472a549565d8a1c70a8857852dad4",
      "decoded_frame_sha256": "9674001558b8245694ac0b8a1d8b737abe03c21adf5cb0978079857342ac523b"
    },
    {
      "consumed_bytes_verified": true,
      "actual_parsed_luma_curve": {
        "constant_integer": 0,
        "constant_fraction": 524288,
        "slope_integer": 0,
        "slope_fraction": 6291456,
        "denominator": 8388608
      },
      "actual_frame_event": {
        "kind": "frame",
        "case": "zero",
        "pts": "1/24",
        "duration": "1/24",
        "el_bound": false,
        "nlq_active": false,
        "rpu_parsed": true,
        "direct_dispatch_ok": true,
        "render_ok": true,
        "render_errors": 0,
        "qualified_fel": false
      },
      "frame": 1,
      "control": "wrong",
      "stage": "reconstruction",
      "max_pq_error": 6.856264092802711e-06,
      "max_rgb_code_error": 1,
      "output_sha256": "dec898db2e1430a5c5fc3bc4d8a2af75c1f83302e012b3933420d7af8ea79a6e",
      "rpu_sha256": "16ea07fdf270e5b4d47b28f6ca11c8a4d8a9daad5678c5a2106864c25811717c",
      "decoded_frame_sha256": "9674001558b8245694ac0b8a1d8b737abe03c21adf5cb0978079857342ac523b"
    },
    {
      "consumed_bytes_verified": true,
      "actual_parsed_luma_curve": {
        "constant_integer": 0,
        "constant_fraction": 524288,
        "slope_integer": 0,
        "slope_fraction": 6291456,
        "denominator": 8388608
      },
      "actual_frame_event": {
        "kind": "frame",
        "case": "zero",
        "pts": "1/24",
        "duration": "1/24",
        "el_bound": false,
        "nlq_active": false,
        "rpu_parsed": true,
        "direct_dispatch_ok": true,
        "render_ok": true,
        "render_errors": 0,
        "qualified_fel": false
      },
      "frame": 1,
      "control": "wrong",
      "stage": "rendered",
      "max_pq_error": 6.856264092802711e-06,
      "max_rgb_code_error": 1,
      "output_sha256": "dec898db2e1430a5c5fc3bc4d8a2af75c1f83302e012b3933420d7af8ea79a6e",
      "rpu_sha256": "16ea07fdf270e5b4d47b28f6ca11c8a4d8a9daad5678c5a2106864c25811717c",
      "decoded_frame_sha256": "9674001558b8245694ac0b8a1d8b737abe03c21adf5cb0978079857342ac523b"
    },
    {
      "consumed_bytes_verified": true,
      "actual_parsed_luma_curve": {
        "constant_integer": 0,
        "constant_fraction": 0,
        "slope_integer": 1,
        "slope_fraction": 0,
        "denominator": 8388608
      },
      "actual_frame_event": {
        "kind": "frame",
        "case": "zero",
        "pts": "2/24",
        "duration": "1/24",
        "el_bound": false,
        "nlq_active": false,
        "rpu_parsed": true,
        "direct_dispatch_ok": true,
        "render_ok": true,
        "render_errors": 0,
        "qualified_fel": false
      },
      "frame": 2,
      "control": "correct",
      "stage": "reconstruction",
      "max_pq_error": 8.809218989935808e-06,
      "max_rgb_code_error": 1,
      "output_sha256": "d1fd1a591da9ace89bb3de18243a0c7605ddc391e53b8068efb86e681b92429b",
      "rpu_sha256": "f1d04d4310e93849fd8f48f43f2fa97e66fd44cc3815be6c70ab815bfc078a2f",
      "decoded_frame_sha256": "19dcd89e6c33bbbf80f2d9f4f6f0e9eb3a91ec659f00cea19790eee0202a3152"
    },
    {
      "consumed_bytes_verified": true,
      "actual_parsed_luma_curve": {
        "constant_integer": 0,
        "constant_fraction": 0,
        "slope_integer": 1,
        "slope_fraction": 0,
        "denominator": 8388608
      },
      "actual_frame_event": {
        "kind": "frame",
        "case": "zero",
        "pts": "2/24",
        "duration": "1/24",
        "el_bound": false,
        "nlq_active": false,
        "rpu_parsed": true,
        "direct_dispatch_ok": true,
        "render_ok": true,
        "render_errors": 0,
        "qualified_fel": false
      },
      "frame": 2,
      "control": "correct",
      "stage": "rendered",
      "max_pq_error": 8.809218989935808e-06,
      "max_rgb_code_error": 1,
      "output_sha256": "d1fd1a591da9ace89bb3de18243a0c7605ddc391e53b8068efb86e681b92429b",
      "rpu_sha256": "f1d04d4310e93849fd8f48f43f2fa97e66fd44cc3815be6c70ab815bfc078a2f",
      "decoded_frame_sha256": "19dcd89e6c33bbbf80f2d9f4f6f0e9eb3a91ec659f00cea19790eee0202a3152"
    },
    {
      "consumed_bytes_verified": true,
      "actual_parsed_luma_curve": {
        "constant_integer": 0,
        "constant_fraction": 524288,
        "slope_integer": 0,
        "slope_fraction": 6291456,
        "denominator": 8388608
      },
      "actual_frame_event": {
        "kind": "frame",
        "case": "zero",
        "pts": "2/24",
        "duration": "1/24",
        "el_bound": false,
        "nlq_active": false,
        "rpu_parsed": true,
        "direct_dispatch_ok": true,
        "render_ok": true,
        "render_errors": 0,
        "qualified_fel": false
      },
      "frame": 2,
      "control": "wrong",
      "stage": "reconstruction",
      "max_pq_error": 6.856264092802711e-06,
      "max_rgb_code_error": 1,
      "output_sha256": "62737e184858ae3f3b18bdcfd1f99d0595a5e8ec2ea96d18c7fb8e450c0857b9",
      "rpu_sha256": "fa55d080e60cc3fefe671ac467a3232e83a2b73ab2b983355d930418bbe42695",
      "decoded_frame_sha256": "19dcd89e6c33bbbf80f2d9f4f6f0e9eb3a91ec659f00cea19790eee0202a3152"
    },
    {
      "consumed_bytes_verified": true,
      "actual_parsed_luma_curve": {
        "constant_integer": 0,
        "constant_fraction": 524288,
        "slope_integer": 0,
        "slope_fraction": 6291456,
        "denominator": 8388608
      },
      "actual_frame_event": {
        "kind": "frame",
        "case": "zero",
        "pts": "2/24",
        "duration": "1/24",
        "el_bound": false,
        "nlq_active": false,
        "rpu_parsed": true,
        "direct_dispatch_ok": true,
        "render_ok": true,
        "render_errors": 0,
        "qualified_fel": false
      },
      "frame": 2,
      "control": "wrong",
      "stage": "rendered",
      "max_pq_error": 6.856264092802711e-06,
      "max_rgb_code_error": 1,
      "output_sha256": "62737e184858ae3f3b18bdcfd1f99d0595a5e8ec2ea96d18c7fb8e450c0857b9",
      "rpu_sha256": "fa55d080e60cc3fefe671ac467a3232e83a2b73ab2b983355d930418bbe42695",
      "decoded_frame_sha256": "19dcd89e6c33bbbf80f2d9f4f6f0e9eb3a91ec659f00cea19790eee0202a3152"
    },
    {
      "consumed_bytes_verified": true,
      "actual_parsed_luma_curve": {
        "constant_integer": 0,
        "constant_fraction": 0,
        "slope_integer": 1,
        "slope_fraction": 0,
        "denominator": 8388608
      },
      "actual_frame_event": {
        "kind": "frame",
        "case": "zero",
        "pts": "3/24",
        "duration": "1/24",
        "el_bound": false,
        "nlq_active": false,
        "rpu_parsed": true,
        "direct_dispatch_ok": true,
        "render_ok": true,
        "render_errors": 0,
        "qualified_fel": false
      },
      "frame": 3,
      "control": "correct",
      "stage": "reconstruction",
      "max_pq_error": 8.178876053421824e-06,
      "max_rgb_code_error": 1,
      "output_sha256": "abbd34130a0c308b288b2d912e8f9075f617f821f78cd8935c6b0dbda9c02904",
      "rpu_sha256": "97da6cab9092d87d282c65b680bb1a918a7f4f53cc13e57bd829d18f3bc6761c",
      "decoded_frame_sha256": "c3aee480261f631897516ef9f1e27d060b204a274bd5aa3c6476d9f8eacb3d8a"
    },
    {
      "consumed_bytes_verified": true,
      "actual_parsed_luma_curve": {
        "constant_integer": 0,
        "constant_fraction": 0,
        "slope_integer": 1,
        "slope_fraction": 0,
        "denominator": 8388608
      },
      "actual_frame_event": {
        "kind": "frame",
        "case": "zero",
        "pts": "3/24",
        "duration": "1/24",
        "el_bound": false,
        "nlq_active": false,
        "rpu_parsed": true,
        "direct_dispatch_ok": true,
        "render_ok": true,
        "render_errors": 0,
        "qualified_fel": false
      },
      "frame": 3,
      "control": "correct",
      "stage": "rendered",
      "max_pq_error": 8.178876053421824e-06,
      "max_rgb_code_error": 1,
      "output_sha256": "abbd34130a0c308b288b2d912e8f9075f617f821f78cd8935c6b0dbda9c02904",
      "rpu_sha256": "97da6cab9092d87d282c65b680bb1a918a7f4f53cc13e57bd829d18f3bc6761c",
      "decoded_frame_sha256": "c3aee480261f631897516ef9f1e27d060b204a274bd5aa3c6476d9f8eacb3d8a"
    },
    {
      "consumed_bytes_verified": true,
      "actual_parsed_luma_curve": {
        "constant_integer": 0,
        "constant_fraction": 524288,
        "slope_integer": 0,
        "slope_fraction": 6291456,
        "denominator": 8388608
      },
      "actual_frame_event": {
        "kind": "frame",
        "case": "zero",
        "pts": "3/24",
        "duration": "1/24",
        "el_bound": false,
        "nlq_active": false,
        "rpu_parsed": true,
        "direct_dispatch_ok": true,
        "render_ok": true,
        "render_errors": 0,
        "qualified_fel": false
      },
      "frame": 3,
      "control": "wrong",
      "stage": "reconstruction",
      "max_pq_error": 5.7367600531654794e-06,
      "max_rgb_code_error": 1,
      "output_sha256": "7cdc8878fa9aed0188f5a84441223b1e19d51edf525a1a291af7e8b02a3de393",
      "rpu_sha256": "aa46758b5243864f4f2de5539f71db0ff5336f8cf814ed9cc4a8292a69821927",
      "decoded_frame_sha256": "c3aee480261f631897516ef9f1e27d060b204a274bd5aa3c6476d9f8eacb3d8a"
    },
    {
      "consumed_bytes_verified": true,
      "actual_parsed_luma_curve": {
        "constant_integer": 0,
        "constant_fraction": 524288,
        "slope_integer": 0,
        "slope_fraction": 6291456,
        "denominator": 8388608
      },
      "actual_frame_event": {
        "kind": "frame",
        "case": "zero",
        "pts": "3/24",
        "duration": "1/24",
        "el_bound": false,
        "nlq_active": false,
        "rpu_parsed": true,
        "direct_dispatch_ok": true,
        "render_ok": true,
        "render_errors": 0,
        "qualified_fel": false
      },
      "frame": 3,
      "control": "wrong",
      "stage": "rendered",
      "max_pq_error": 5.7367600531654794e-06,
      "max_rgb_code_error": 1,
      "output_sha256": "7cdc8878fa9aed0188f5a84441223b1e19d51edf525a1a291af7e8b02a3de393",
      "rpu_sha256": "aa46758b5243864f4f2de5539f71db0ff5336f8cf814ed9cc4a8292a69821927",
      "decoded_frame_sha256": "c3aee480261f631897516ef9f1e27d060b204a274bd5aa3c6476d9f8eacb3d8a"
    }
  ],
  "repeated_mapping_negative": [
    {
      "frame": 0,
      "wrong_vs_correct_max_rgb_code_delta": 2962,
      "wrong_vs_once_scalar_max_rgb_code_error": 2962,
      "once_scalar_control_rejects_wrong_output": true
    },
    {
      "frame": 1,
      "wrong_vs_correct_max_rgb_code_delta": 2944,
      "wrong_vs_once_scalar_max_rgb_code_error": 2943,
      "once_scalar_control_rejects_wrong_output": true
    },
    {
      "frame": 2,
      "wrong_vs_correct_max_rgb_code_delta": 2944,
      "wrong_vs_once_scalar_max_rgb_code_error": 2943,
      "once_scalar_control_rejects_wrong_output": true
    },
    {
      "frame": 3,
      "wrong_vs_correct_max_rgb_code_delta": 2943,
      "wrong_vs_once_scalar_max_rgb_code_error": 2943,
      "once_scalar_control_rejects_wrong_output": true
    }
  ],
  "p81_conformance": null,
  "reference_fidelity_improvement": null
}
{
  "scope": "Synthetic exact recipes/AUD association; no P8.1 container/device conformance",
  "result": "analytic-control-pass",
  "results": [
    {
      "control": "correct",
      "frame": 0,
      "rpu_sha256": "9c85e5aacbb9f67d5ec89334dec13453fcbe4c80f7aefd76fe5962be5d499b64",
      "luma_curve": "identity",
      "residual_disabled": true
    },
    {
      "control": "correct",
      "frame": 1,
      "rpu_sha256": "1186fa17f90d6c64104aefca3f2a9b0c636472a549565d8a1c70a8857852dad4",
      "luma_curve": "identity",
      "residual_disabled": true
    },
    {
      "control": "correct",
      "frame": 2,
      "rpu_sha256": "f1d04d4310e93849fd8f48f43f2fa97e66fd44cc3815be6c70ab815bfc078a2f",
      "luma_curve": "identity",
      "residual_disabled": true
    },
    {
      "control": "correct",
      "frame": 3,
      "rpu_sha256": "97da6cab9092d87d282c65b680bb1a918a7f4f53cc13e57bd829d18f3bc6761c",
      "luma_curve": "identity",
      "residual_disabled": true
    },
    {
      "control": "wrong",
      "frame": 0,
      "rpu_sha256": "6bb20ebc399557cf4766b802a0e93b21fa441ce6a1ceab92ed9a0f92c86dddac",
      "luma_curve": "1/16+3x/4",
      "residual_disabled": true
    },
    {
      "control": "wrong",
      "frame": 1,
      "rpu_sha256": "16ea07fdf270e5b4d47b28f6ca11c8a4d8a9daad5678c5a2106864c25811717c",
      "luma_curve": "1/16+3x/4",
      "residual_disabled": true
    },
    {
      "control": "wrong",
      "frame": 2,
      "rpu_sha256": "fa55d080e60cc3fefe671ac467a3232e83a2b73ab2b983355d930418bbe42695",
      "luma_curve": "1/16+3x/4",
      "residual_disabled": true
    },
    {
      "control": "wrong",
      "frame": 3,
      "rpu_sha256": "aa46758b5243864f4f2de5539f71db0ff5336f8cf814ed9cc4a8292a69821927",
      "luma_curve": "1/16+3x/4",
      "residual_disabled": true
    }
  ],
  "actual_container_pts": null
}
......
----------------------------------------------------------------------
Ran 6 tests in 0.002s

OK
................
----------------------------------------------------------------------
Ran 16 tests in 0.931s

OK
..............
----------------------------------------------------------------------
Ran 14 tests in 0.249s

OK
