.....................................................................FFFF..................................rate-control easy-0 / vbr…
.................rate-control easy-0 / vbr…
rate-control hard-1 / vbr…
rate-control easy-0 / qvbr…
rate-control hard-1 / qvbr…
......rate-control easy-0 / vbr…
rate-control easy-0 / qvbr…
..............rate-control easy-0 / vbr…
rate-control hard-1 / vbr…
rate-control easy-0 / qvbr…
rate-control hard-1 / qvbr…
.rate-control easy-0 / vbr…
rate-control hard-1 / vbr…
rate-control easy-0 / qvbr…
rate-control hard-1 / qvbr…
.rate-control easy-0 / vbr…
rate-control hard-1 / vbr…
rate-control easy-0 / qvbr…
rate-control hard-1 / qvbr…
.........rate-control easy-0 / vbr…
rate-control hard-1 / vbr…
..................................F..........................................................................................................................E............................................................................................................................F...................................................................................................................................EEEEEE..........................................
======================================================================
ERROR: test_ui_baseline_reserves_distinct_http_raft_and_api_ports (test_contracts.OperationsContractCase.test_ui_baseline_reserves_distinct_http_raft_and_api_ports)
----------------------------------------------------------------------
Traceback (most recent call last):
  File "/private/tmp/plurx-video-quality-build-20261003/tests/operations/test_contracts.py", line 479, in test_ui_baseline_reserves_distinct_http_raft_and_api_ports
    ports = contract["free_ports"](0, 3)
  File "/private/tmp/plurx-video-quality-build-20261003/scripts/ui-baseline", line 556, in free_ports
    listener.bind(("127.0.0.1", candidate))
    ~~~~~~~~~~~~~^^^^^^^^^^^^^^^^^^^^^^^^^^
PermissionError: [Errno 1] Operation not permitted

======================================================================
ERROR: test_a_node_that_does_not_answer_is_named_not_skipped (test_ship_status_probe.ShipStatusProbeCase.test_a_node_that_does_not_answer_is_named_not_skipped)
Silence is the failure mode a probe most needs to report.
----------------------------------------------------------------------
Traceback (most recent call last):
  File "/private/tmp/plurx-video-quality-build-20261003/tests/operations/test_ship_status_probe.py", line 117, in test_a_node_that_does_not_answer_is_named_not_skipped
    result = run_status("127.0.0.1", free_port())
                                     ~~~~~~~~~^^
  File "/private/tmp/plurx-video-quality-build-20261003/tests/operations/test_ship_status_probe.py", line 74, in free_port
    sock.bind(("127.0.0.1", 0))
    ~~~~~~~~~^^^^^^^^^^^^^^^^^^
PermissionError: [Errno 1] Operation not permitted

======================================================================
ERROR: test_a_ready_node_reports_its_build_and_its_load (test_ship_status_probe.ShipStatusProbeCase.test_a_ready_node_reports_its_build_and_its_load)
The three facts a deploy is supposed to establish, read back.
----------------------------------------------------------------------
Traceback (most recent call last):
  File "/private/tmp/plurx-video-quality-build-20261003/tests/operations/test_ship_status_probe.py", line 97, in test_a_ready_node_reports_its_build_and_its_load
    with FakeNode() as node:
         ~~~~~~~~^^
  File "/private/tmp/plurx-video-quality-build-20261003/tests/operations/test_ship_status_probe.py", line 58, in __init__
    self._server = http.server.HTTPServer(("127.0.0.1", 0), Handler)
                   ~~~~~~~~~~~~~~~~~~~~~~^^^^^^^^^^^^^^^^^^^^^^^^^^^
  File "/opt/homebrew/Cellar/python@3.14/3.14.7/Frameworks/Python.framework/Versions/3.14/lib/python3.14/socketserver.py", line 457, in __init__
    self.server_bind()
    ~~~~~~~~~~~~~~~~^^
  File "/opt/homebrew/Cellar/python@3.14/3.14.7/Frameworks/Python.framework/Versions/3.14/lib/python3.14/http/server.py", line 148, in server_bind
    socketserver.TCPServer.server_bind(self)
    ~~~~~~~~~~~~~~~~~~~~~~~~~~~~~~~~~~^^^^^^
  File "/opt/homebrew/Cellar/python@3.14/3.14.7/Frameworks/Python.framework/Versions/3.14/lib/python3.14/socketserver.py", line 478, in server_bind
    self.socket.bind(self.server_address)
    ~~~~~~~~~~~~~~~~^^^^^^^^^^^^^^^^^^^^^
PermissionError: [Errno 1] Operation not permitted

======================================================================
ERROR: test_a_split_fleet_is_called_out_rather_than_left_to_be_noticed (test_ship_status_probe.ShipStatusProbeCase.test_a_split_fleet_is_called_out_rather_than_left_to_be_noticed)
Two builds serving at once is a partial deploy.
----------------------------------------------------------------------
Traceback (most recent call last):
  File "/private/tmp/plurx-video-quality-build-20261003/tests/operations/test_ship_status_probe.py", line 153, in test_a_split_fleet_is_called_out_rather_than_left_to_be_noticed
    with FakeNode() as new, FakeNode(metrics=older) as old:
         ~~~~~~~~^^
  File "/private/tmp/plurx-video-quality-build-20261003/tests/operations/test_ship_status_probe.py", line 58, in __init__
    self._server = http.server.HTTPServer(("127.0.0.1", 0), Handler)
                   ~~~~~~~~~~~~~~~~~~~~~~^^^^^^^^^^^^^^^^^^^^^^^^^^^
  File "/opt/homebrew/Cellar/python@3.14/3.14.7/Frameworks/Python.framework/Versions/3.14/lib/python3.14/socketserver.py", line 457, in __init__
    self.server_bind()
    ~~~~~~~~~~~~~~~~^^
  File "/opt/homebrew/Cellar/python@3.14/3.14.7/Frameworks/Python.framework/Versions/3.14/lib/python3.14/http/server.py", line 148, in server_bind
    socketserver.TCPServer.server_bind(self)
    ~~~~~~~~~~~~~~~~~~~~~~~~~~~~~~~~~~^^^^^^
  File "/opt/homebrew/Cellar/python@3.14/3.14.7/Frameworks/Python.framework/Versions/3.14/lib/python3.14/socketserver.py", line 478, in server_bind
    self.socket.bind(self.server_address)
    ~~~~~~~~~~~~~~~~^^^^^^^^^^^^^^^^^^^^^
PermissionError: [Errno 1] Operation not permitted

======================================================================
ERROR: test_an_unready_node_still_reports_its_build (test_ship_status_probe.ShipStatusProbeCase.test_an_unready_node_still_reports_its_build)
Up-and-unready is a different state from down, and stays different.
----------------------------------------------------------------------
Traceback (most recent call last):
  File "/private/tmp/plurx-video-quality-build-20261003/tests/operations/test_ship_status_probe.py", line 130, in test_an_unready_node_still_reports_its_build
    with FakeNode(ready="quorum unavailable\n") as node:
         ~~~~~~~~^^^^^^^^^^^^^^^^^^^^^^^^^^^^^^
  File "/private/tmp/plurx-video-quality-build-20261003/tests/operations/test_ship_status_probe.py", line 58, in __init__
    self._server = http.server.HTTPServer(("127.0.0.1", 0), Handler)
                   ~~~~~~~~~~~~~~~~~~~~~~^^^^^^^^^^^^^^^^^^^^^^^^^^^
  File "/opt/homebrew/Cellar/python@3.14/3.14.7/Frameworks/Python.framework/Versions/3.14/lib/python3.14/socketserver.py", line 457, in __init__
    self.server_bind()
    ~~~~~~~~~~~~~~~~^^
  File "/opt/homebrew/Cellar/python@3.14/3.14.7/Frameworks/Python.framework/Versions/3.14/lib/python3.14/http/server.py", line 148, in server_bind
    socketserver.TCPServer.server_bind(self)
    ~~~~~~~~~~~~~~~~~~~~~~~~~~~~~~~~~~^^^^^^
  File "/opt/homebrew/Cellar/python@3.14/3.14.7/Frameworks/Python.framework/Versions/3.14/lib/python3.14/socketserver.py", line 478, in server_bind
    self.socket.bind(self.server_address)
    ~~~~~~~~~~~~~~~~^^^^^^^^^^^^^^^^^^^^^
PermissionError: [Errno 1] Operation not permitted

======================================================================
ERROR: test_one_build_across_the_fleet_raises_nothing (test_ship_status_probe.ShipStatusProbeCase.test_one_build_across_the_fleet_raises_nothing)
The warning has to stay quiet when the fleet agrees.
----------------------------------------------------------------------
Traceback (most recent call last):
  File "/private/tmp/plurx-video-quality-build-20261003/tests/operations/test_ship_status_probe.py", line 167, in test_one_build_across_the_fleet_raises_nothing
    with FakeNode() as first, FakeNode() as second:
         ~~~~~~~~^^
  File "/private/tmp/plurx-video-quality-build-20261003/tests/operations/test_ship_status_probe.py", line 58, in __init__
    self._server = http.server.HTTPServer(("127.0.0.1", 0), Handler)
                   ~~~~~~~~~~~~~~~~~~~~~~^^^^^^^^^^^^^^^^^^^^^^^^^^^
  File "/opt/homebrew/Cellar/python@3.14/3.14.7/Frameworks/Python.framework/Versions/3.14/lib/python3.14/socketserver.py", line 457, in __init__
    self.server_bind()
    ~~~~~~~~~~~~~~~~^^
  File "/opt/homebrew/Cellar/python@3.14/3.14.7/Frameworks/Python.framework/Versions/3.14/lib/python3.14/http/server.py", line 148, in server_bind
    socketserver.TCPServer.server_bind(self)
    ~~~~~~~~~~~~~~~~~~~~~~~~~~~~~~~~~~^^^^^^
  File "/opt/homebrew/Cellar/python@3.14/3.14.7/Frameworks/Python.framework/Versions/3.14/lib/python3.14/socketserver.py", line 478, in server_bind
    self.socket.bind(self.server_address)
    ~~~~~~~~~~~~~~~~^^^^^^^^^^^^^^^^^^^^^
PermissionError: [Errno 1] Operation not permitted

======================================================================
ERROR: test_ready_without_build_metrics_fails_verification (test_ship_status_probe.ShipStatusProbeCase.test_ready_without_build_metrics_fails_verification)
Readiness without a build identity is not a verified deployment.
----------------------------------------------------------------------
Traceback (most recent call last):
  File "/private/tmp/plurx-video-quality-build-20261003/tests/operations/test_ship_status_probe.py", line 138, in test_ready_without_build_metrics_fails_verification
    with FakeNode(metrics="") as node:
         ~~~~~~~~^^^^^^^^^^^^
  File "/private/tmp/plurx-video-quality-build-20261003/tests/operations/test_ship_status_probe.py", line 58, in __init__
    self._server = http.server.HTTPServer(("127.0.0.1", 0), Handler)
                   ~~~~~~~~~~~~~~~~~~~~~~^^^^^^^^^^^^^^^^^^^^^^^^^^^
  File "/opt/homebrew/Cellar/python@3.14/3.14.7/Frameworks/Python.framework/Versions/3.14/lib/python3.14/socketserver.py", line 457, in __init__
    self.server_bind()
    ~~~~~~~~~~~~~~~~^^
  File "/opt/homebrew/Cellar/python@3.14/3.14.7/Frameworks/Python.framework/Versions/3.14/lib/python3.14/http/server.py", line 148, in server_bind
    socketserver.TCPServer.server_bind(self)
    ~~~~~~~~~~~~~~~~~~~~~~~~~~~~~~~~~~^^^^^^
  File "/opt/homebrew/Cellar/python@3.14/3.14.7/Frameworks/Python.framework/Versions/3.14/lib/python3.14/socketserver.py", line 478, in server_bind
    self.socket.bind(self.server_address)
    ~~~~~~~~~~~~~~~~^^^^^^^^^^^^^^^^^^^^^
PermissionError: [Errno 1] Operation not permitted

======================================================================
FAIL: test_installer_detects_bare_relative_absolute_and_versioned_daemons (test_apple_runner_standby.AppleRunnerStandbyTests.test_installer_detects_bare_relative_absolute_and_versioned_daemons) (invocation='forgejo-runner')
----------------------------------------------------------------------
Traceback (most recent call last):
  File "/private/tmp/plurx-video-quality-build-20261003/tests/operations/test_apple_runner_standby.py", line 128, in test_installer_detects_bare_relative_absolute_and_versioned_daemons
    self.assertEqual(result.returncode, 1)
    ~~~~~~~~~~~~~~~~^^^^^^^^^^^^^^^^^^^^^^
AssertionError: 2 != 1

======================================================================
FAIL: test_installer_detects_bare_relative_absolute_and_versioned_daemons (test_apple_runner_standby.AppleRunnerStandbyTests.test_installer_detects_bare_relative_absolute_and_versioned_daemons) (invocation='./forgejo-runner')
----------------------------------------------------------------------
Traceback (most recent call last):
  File "/private/tmp/plurx-video-quality-build-20261003/tests/operations/test_apple_runner_standby.py", line 128, in test_installer_detects_bare_relative_absolute_and_versioned_daemons
    self.assertEqual(result.returncode, 1)
    ~~~~~~~~~~~~~~~~^^^^^^^^^^^^^^^^^^^^^^
AssertionError: 2 != 1

======================================================================
FAIL: test_installer_detects_bare_relative_absolute_and_versioned_daemons (test_apple_runner_standby.AppleRunnerStandbyTests.test_installer_detects_bare_relative_absolute_and_versioned_daemons) (invocation='/tmp/forgejo-runner')
----------------------------------------------------------------------
Traceback (most recent call last):
  File "/private/tmp/plurx-video-quality-build-20261003/tests/operations/test_apple_runner_standby.py", line 128, in test_installer_detects_bare_relative_absolute_and_versioned_daemons
    self.assertEqual(result.returncode, 1)
    ~~~~~~~~~~~~~~~~^^^^^^^^^^^^^^^^^^^^^^
AssertionError: 2 != 1

======================================================================
FAIL: test_installer_detects_bare_relative_absolute_and_versioned_daemons (test_apple_runner_standby.AppleRunnerStandbyTests.test_installer_detects_bare_relative_absolute_and_versioned_daemons) (invocation='/opt/homebrew/bin/forgejo-runner-13.2.0')
----------------------------------------------------------------------
Traceback (most recent call last):
  File "/private/tmp/plurx-video-quality-build-20261003/tests/operations/test_apple_runner_standby.py", line 128, in test_installer_detects_bare_relative_absolute_and_versioned_daemons
    self.assertEqual(result.returncode, 1)
    ~~~~~~~~~~~~~~~~^^^^^^^^^^^^^^^^^^^^^^
AssertionError: 2 != 1

======================================================================
FAIL: test_a_docker_that_never_answers_costs_one_pass_and_not_the_janitor (test_ci_janitor.JanitorContractCase.test_a_docker_that_never_answers_costs_one_pass_and_not_the_janitor)
A hung `docker ps` must not hang the janitor.
----------------------------------------------------------------------
Traceback (most recent call last):
  File "/private/tmp/plurx-video-quality-build-20261003/tests/operations/test_ci_janitor.py", line 392, in test_a_docker_that_never_answers_costs_one_pass_and_not_the_janitor
    self.assertLess(elapsed, 20, "the janitor waited on a hung docker ps")
    ~~~~~~~~~~~~~~~^^^^^^^^^^^^^^^^^^^^^^^^^^^^^^^^^^^^^^^^^^^^^^^^^^^^^^^
AssertionError: 60.23623650002992 not less than 20 : the janitor waited on a hung docker ps

======================================================================
FAIL: test_every_checked_in_entry_is_current_and_ignored (test_known_red.KnownRedContractTest.test_every_checked_in_entry_is_current_and_ignored)
----------------------------------------------------------------------
Traceback (most recent call last):
  File "/private/tmp/plurx-video-quality-build-20261003/tests/operations/test_known_red.py", line 58, in test_every_checked_in_entry_is_current_and_ignored
    self.assertEqual(len(ignored), 20)
    ~~~~~~~~~~~~~~~~^^^^^^^^^^^^^^^^^^
AssertionError: 21 != 20

----------------------------------------------------------------------
Ran 614 tests in 167.694s

FAILED (failures=6, errors=7)
make: *** [operations-check] Error 1
