2026-10-03T06:02:37.4282149Z Runner 1c596a83-c2aa-417e-82f9-47946499236e (version:v13.1.0) received task 15490 of job operations_failed, triggered by event: push
2026-10-03T06:02:37.4304563Z workflow prepared
2026-10-03T06:02:37.4549414Z   ☁️  git fetch 'https://data.forgejo.org/actions/checkout' skipped; ref=11d5960a326750d5838078e36cf38b85af677262 cached
2026-10-03T06:02:37.4939739Z ⭐ Run Main https://data.forgejo.org/actions/checkout@11d5960a326750d5838078e36cf38b85af677262
2026-10-03T06:02:37.5849617Z   ❓ add-matcher /opt/forgejo-runner-extra-gha-m6-general-03/_work/1ec40951e974c838/act/actions/0d/8d1b97f6625cb2747b17369d6a436d097dd4f2938c26d0b935376d3cd3701d/dist/problem-matcher.json
2026-10-03T06:02:37.5849758Z ::add-matcher::/opt/forgejo-runner-extra-gha-m6-general-03/_work/1ec40951e974c838/act/actions/0d/8d1b97f6625cb2747b17369d6a436d097dd4f2938c26d0b935376d3cd3701d/dist/problem-matcher.json
2026-10-03T06:02:37.5852333Z Syncing repository: noirr/plurx
2026-10-03T06:02:37.5854507Z ##[group]Getting Git version info
2026-10-03T06:02:37.5854933Z Working directory is '/opt/forgejo-runner-extra-gha-m6-general-03/_work/1ec40951e974c838/hostexecutor'
2026-10-03T06:02:37.5875443Z [command]/usr/bin/git version
2026-10-03T06:02:37.5913784Z git version 2.43.0
2026-10-03T06:02:37.5930507Z ##[endgroup]
2026-10-03T06:02:37.5952486Z Temporarily overriding HOME='/opt/forgejo-runner-extra-gha-m6-general-03/_work/1ec40951e974c838/tmp/b755d283-4ae4-4fe6-8956-d68b5c021928' before making global git config changes
2026-10-03T06:02:37.5953094Z Adding repository directory to the temporary git global config as a safe directory
2026-10-03T06:02:37.5957309Z [command]/usr/bin/git config --global --add safe.directory /opt/forgejo-runner-extra-gha-m6-general-03/_work/1ec40951e974c838/hostexecutor
2026-10-03T06:02:37.5994929Z Deleting the contents of '/opt/forgejo-runner-extra-gha-m6-general-03/_work/1ec40951e974c838/hostexecutor'
2026-10-03T06:02:37.5998336Z ##[group]Initializing the repository
2026-10-03T06:02:37.6001490Z [command]/usr/bin/git init /opt/forgejo-runner-extra-gha-m6-general-03/_work/1ec40951e974c838/hostexecutor
2026-10-03T06:02:37.6053367Z hint: Using 'master' as the name for the initial branch. This default branch name
2026-10-03T06:02:37.6053737Z hint: is subject to change. To configure the initial branch name to use in all
2026-10-03T06:02:37.6053936Z hint: of your new repositories, which will suppress this warning, call:
2026-10-03T06:02:37.6054018Z hint: 
2026-10-03T06:02:37.6054089Z hint: 	git config --global init.defaultBranch <name>
2026-10-03T06:02:37.6054192Z hint: 
2026-10-03T06:02:37.6054260Z hint: Names commonly chosen instead of 'master' are 'main', 'trunk' and
2026-10-03T06:02:37.6054370Z hint: 'development'. The just-created branch can be renamed via this command:
2026-10-03T06:02:37.6054443Z hint: 
2026-10-03T06:02:37.6054513Z hint: 	git branch -m <name>
2026-10-03T06:02:37.6113983Z Initialized empty Git repository in /opt/forgejo-runner-extra-gha-m6-general-03/_work/1ec40951e974c838/hostexecutor/.git/
2026-10-03T06:02:37.6125979Z [command]/usr/bin/git remote add origin http://192.168.4.7:3000/noirr/plurx
2026-10-03T06:02:37.6214682Z ##[endgroup]
2026-10-03T06:02:37.6214850Z ##[group]Disabling automatic garbage collection
2026-10-03T06:02:37.6218659Z [command]/usr/bin/git config --local gc.auto 0
2026-10-03T06:02:37.6252925Z ##[endgroup]
2026-10-03T06:02:37.6253107Z ##[group]Setting up auth
2026-10-03T06:02:37.6260561Z [command]/usr/bin/git config --local --name-only --get-regexp core\.sshCommand
2026-10-03T06:02:37.6291803Z [command]/usr/bin/git submodule foreach --recursive sh -c "git config --local --name-only --get-regexp 'core\.sshCommand' && git config --local --unset-all 'core.sshCommand' || :"
2026-10-03T06:02:37.6539271Z [command]/usr/bin/git config --local --name-only --get-regexp http\.http\:\/\/192\.168\.4\.7\:3000\/\.extraheader
2026-10-03T06:02:37.6582112Z [command]/usr/bin/git submodule foreach --recursive sh -c "git config --local --name-only --get-regexp 'http\.http\:\/\/192\.168\.4\.7\:3000\/\.extraheader' && git config --local --unset-all 'http.http://192.168.4.7:3000/.extraheader' || :"
2026-10-03T06:02:37.6833236Z [command]/usr/bin/git config --local --name-only --get-regexp ^includeIf\.gitdir:
2026-10-03T06:02:37.6877109Z [command]/usr/bin/git submodule foreach --recursive git config --local --show-origin --name-only --get-regexp remote.origin.url
2026-10-03T06:02:37.7196713Z [command]/usr/bin/git config --local http.http://192.168.4.7:3000/.extraheader AUTHORIZATION: basic ***
2026-10-03T06:02:37.7295852Z ##[endgroup]
2026-10-03T06:02:37.7296055Z ##[group]Fetching the repository
2026-10-03T06:02:37.7301721Z [command]/usr/bin/git -c protocol.version=2 fetch --no-tags --prune --no-recurse-submodules --depth=1 origin bd24f27679faf68bf8815915b488a3e7ac2e7461
2026-10-03T06:02:39.7584313Z From http://192.168.4.7:3000/noirr/plurx
2026-10-03T06:02:39.7584854Z  * branch            bd24f27679faf68bf8815915b488a3e7ac2e7461 -> FETCH_HEAD
2026-10-03T06:02:39.7624121Z ##[endgroup]
2026-10-03T06:02:39.7624346Z ##[group]Determining the checkout info
2026-10-03T06:02:39.7624602Z ##[endgroup]
2026-10-03T06:02:39.7627796Z [command]/usr/bin/git sparse-checkout disable
2026-10-03T06:02:39.7763390Z [command]/usr/bin/git config --local --unset-all extensions.worktreeConfig
2026-10-03T06:02:39.7820532Z ##[group]Checking out the ref
2026-10-03T06:02:39.7828559Z [command]/usr/bin/git checkout --progress --force bd24f27679faf68bf8815915b488a3e7ac2e7461
2026-10-03T06:02:40.2848210Z Note: switching to 'bd24f27679faf68bf8815915b488a3e7ac2e7461'.
2026-10-03T06:02:40.2848688Z 
2026-10-03T06:02:40.2848752Z You are in 'detached HEAD' state. You can look around, make experimental
2026-10-03T06:02:40.2856946Z changes and commit them, and you can discard any commits you make in this
2026-10-03T06:02:40.2857111Z state without impacting any branches by switching back to a branch.
2026-10-03T06:02:40.2857201Z 
2026-10-03T06:02:40.2857331Z If you want to create a new branch to retain commits you create, you may
2026-10-03T06:02:40.2857600Z do so (now or later) by using -c with the switch command. Example:
2026-10-03T06:02:40.2857679Z 
2026-10-03T06:02:40.2857762Z   git switch -c <new-branch-name>
2026-10-03T06:02:40.2857833Z 
2026-10-03T06:02:40.2857927Z Or undo this operation with:
2026-10-03T06:02:40.2857996Z 
2026-10-03T06:02:40.2858069Z   git switch -
2026-10-03T06:02:40.2858139Z 
2026-10-03T06:02:40.2858393Z Turn off this advice by setting config variable advice.detachedHead to false
2026-10-03T06:02:40.2858474Z 
2026-10-03T06:02:40.2858561Z HEAD is now at bd24f27 test(playback): wire successor preparation into extracted player owners
2026-10-03T06:02:40.2891139Z ##[endgroup]
2026-10-03T06:02:40.2950885Z [command]/usr/bin/git log -1 --format=%H
2026-10-03T06:02:40.3002223Z bd24f27679faf68bf8815915b488a3e7ac2e7461
2026-10-03T06:02:40.3013794Z ##[group]Removing auth
2026-10-03T06:02:40.3020916Z [command]/usr/bin/git config --local --name-only --get-regexp core\.sshCommand
2026-10-03T06:02:40.3073422Z [command]/usr/bin/git submodule foreach --recursive sh -c "git config --local --name-only --get-regexp 'core\.sshCommand' && git config --local --unset-all 'core.sshCommand' || :"
2026-10-03T06:02:40.3430234Z [command]/usr/bin/git config --local --name-only --get-regexp http\.http\:\/\/192\.168\.4\.7\:3000\/\.extraheader
2026-10-03T06:02:40.3454455Z http.http://192.168.4.7:3000/.extraheader
2026-10-03T06:02:40.3463388Z [command]/usr/bin/git config --local --unset-all http.http://192.168.4.7:3000/.extraheader
2026-10-03T06:02:40.3505551Z [command]/usr/bin/git submodule foreach --recursive sh -c "git config --local --name-only --get-regexp 'http\.http\:\/\/192\.168\.4\.7\:3000\/\.extraheader' && git config --local --unset-all 'http.http://192.168.4.7:3000/.extraheader' || :"
2026-10-03T06:02:40.3769726Z [command]/usr/bin/git config --local --name-only --get-regexp ^includeIf\.gitdir:
2026-10-03T06:02:40.3807085Z [command]/usr/bin/git submodule foreach --recursive git config --local --show-origin --name-only --get-regexp remote.origin.url
2026-10-03T06:02:40.4077602Z ##[endgroup]
2026-10-03T06:02:40.4083322Z ::remove-matcher owner=checkout-git::
2026-10-03T06:02:46.7056759Z .........
2026-10-03T06:02:46.7057275Z ----------------------------------------------------------------------
2026-10-03T06:02:46.7057354Z Ran 9 tests in 6.129s
2026-10-03T06:02:46.7057400Z 
2026-10-03T06:02:46.7057437Z OK
2026-10-03T06:02:46.7254429Z ⭐ Run Post https://data.forgejo.org/actions/checkout@11d5960a326750d5838078e36cf38b85af677262
2026-10-03T06:02:46.8381297Z [command]/usr/bin/git version
2026-10-03T06:02:46.8435667Z git version 2.43.0
2026-10-03T06:02:46.8465950Z   ⚙  ***
2026-10-03T06:02:46.8490444Z Temporarily overriding HOME='/opt/forgejo-runner-extra-gha-m6-general-03/_work/1ec40951e974c838/tmp/d4840cf0-d4e7-4085-965d-d5047a319af4' before making global git config changes
2026-10-03T06:02:46.8490717Z Adding repository directory to the temporary git global config as a safe directory
2026-10-03T06:02:46.8508594Z [command]/usr/bin/git config --global --add safe.directory /opt/forgejo-runner-extra-gha-m6-general-03/_work/1ec40951e974c838/hostexecutor
2026-10-03T06:02:46.8668134Z [command]/usr/bin/git config --local --name-only --get-regexp core\.sshCommand
2026-10-03T06:02:46.8706143Z [command]/usr/bin/git submodule foreach --recursive sh -c "git config --local --name-only --get-regexp 'core\.sshCommand' && git config --local --unset-all 'core.sshCommand' || :"
2026-10-03T06:02:46.8979404Z [command]/usr/bin/git config --local --name-only --get-regexp http\.http\:\/\/192\.168\.4\.7\:3000\/\.extraheader
2026-10-03T06:02:46.9024219Z [command]/usr/bin/git submodule foreach --recursive sh -c "git config --local --name-only --get-regexp 'http\.http\:\/\/192\.168\.4\.7\:3000\/\.extraheader' && git config --local --unset-all 'http.http://192.168.4.7:3000/.extraheader' || :"
2026-10-03T06:02:46.9289605Z [command]/usr/bin/git config --local --name-only --get-regexp ^includeIf\.gitdir:
2026-10-03T06:02:46.9325844Z [command]/usr/bin/git submodule foreach --recursive git config --local --show-origin --name-only --get-regexp remote.origin.url
2026-10-03T06:02:46.9700491Z   ✅  Success - Post https://data.forgejo.org/actions/checkout@11d5960a326750d5838078e36cf38b85af677262
2026-10-03T06:02:46.9849316Z 🏁  Job succeeded

