Linux ab923e707ec3 7.0.12-linuxkit #1 SMP PREEMPT Fri Aug 14 16:27:59 UTC 2026 x86_64 GNU/Linux
rustc 1.97.1 (8bab26f4f 2026-07-14)
cargo 1.97.1 (c980f4866 2026-06-30)
g++ (Debian 12.2.0-14+deb12u1) 12.2.0
Copyright (C) 2022 Free Software Foundation, Inc.
This is free software; see the source for copying conditions.  There is NO
warranty; not even for MERCHANTABILITY or FITNESS FOR A PARTICULAR PURPOSE.

Hit:1 http://deb.debian.org/debian bookworm InRelease
Hit:2 http://deb.debian.org/debian bookworm-updates InRelease
Hit:3 http://deb.debian.org/debian-security bookworm-security InRelease
Reading package lists...
Reading package lists...
Building dependency tree...
Reading state information...
python3-venv is already the newest version (3.11.2-1+b1).
pkg-config is already the newest version (1.8.1-1).
0 upgraded, 0 newly installed, 0 to remove and 35 not upgraded.
Requirement already satisfied: cmake==3.31.6 in /opt/m0-venv/lib/python3.11/site-packages (3.31.6)
cmake version 3.31.6

CMake suite maintained and supported by Kitware (kitware.com/cmake).
    Updating crates.io index
error: cannot update the lock file /work/src/dovi_tool/Cargo.lock because --locked was passed to prevent this
help: to generate the lock file without accessing the network, remove the --locked flag and use --offline instead.
